Archive member included to satisfy reference by file (symbol)

/opt/st/stm32cubeide_2.0.0/plugins/com.st.stm32cube.ide.mcu.externaltools.gnu-tools-for-stm32.13.3.rel1.linux64_1.0.100.202509120712/tools/bin/../lib/gcc/arm-none-eabi/13.3.1/../../../../arm-none-eabi/lib/thumb/v7e-m+fp/hard/libc_nano.a(libc_a-exit.o)
                              /opt/st/stm32cubeide_2.0.0/plugins/com.st.stm32cube.ide.mcu.externaltools.gnu-tools-for-stm32.13.3.rel1.linux64_1.0.100.202509120712/tools/bin/../lib/gcc/arm-none-eabi/13.3.1/../../../../arm-none-eabi/lib/thumb/v7e-m+fp/hard/crt0.o (exit)
/opt/st/stm32cubeide_2.0.0/plugins/com.st.stm32cube.ide.mcu.externaltools.gnu-tools-for-stm32.13.3.rel1.linux64_1.0.100.202509120712/tools/bin/../lib/gcc/arm-none-eabi/13.3.1/../../../../arm-none-eabi/lib/thumb/v7e-m+fp/hard/libc_nano.a(libc_a-findfp.o)
                              /opt/st/stm32cubeide_2.0.0/plugins/com.st.stm32cube.ide.mcu.externaltools.gnu-tools-for-stm32.13.3.rel1.linux64_1.0.100.202509120712/tools/bin/../lib/gcc/arm-none-eabi/13.3.1/../../../../arm-none-eabi/lib/thumb/v7e-m+fp/hard/libc_nano.a(libc_a-exit.o) (__stdio_exit_handler)
/opt/st/stm32cubeide_2.0.0/plugins/com.st.stm32cube.ide.mcu.externaltools.gnu-tools-for-stm32.13.3.rel1.linux64_1.0.100.202509120712/tools/bin/../lib/gcc/arm-none-eabi/13.3.1/../../../../arm-none-eabi/lib/thumb/v7e-m+fp/hard/libc_nano.a(libc_a-fwalk.o)
                              /opt/st/stm32cubeide_2.0.0/plugins/com.st.stm32cube.ide.mcu.externaltools.gnu-tools-for-stm32.13.3.rel1.linux64_1.0.100.202509120712/tools/bin/../lib/gcc/arm-none-eabi/13.3.1/../../../../arm-none-eabi/lib/thumb/v7e-m+fp/hard/libc_nano.a(libc_a-findfp.o) (_fwalk_sglue)
/opt/st/stm32cubeide_2.0.0/plugins/com.st.stm32cube.ide.mcu.externaltools.gnu-tools-for-stm32.13.3.rel1.linux64_1.0.100.202509120712/tools/bin/../lib/gcc/arm-none-eabi/13.3.1/../../../../arm-none-eabi/lib/thumb/v7e-m+fp/hard/libc_nano.a(libc_a-printf.o)
                              ./Core/Src/dht11.o (printf)
/opt/st/stm32cubeide_2.0.0/plugins/com.st.stm32cube.ide.mcu.externaltools.gnu-tools-for-stm32.13.3.rel1.linux64_1.0.100.202509120712/tools/bin/../lib/gcc/arm-none-eabi/13.3.1/../../../../arm-none-eabi/lib/thumb/v7e-m+fp/hard/libc_nano.a(libc_a-puts.o)
                              ./Core/Src/dht11.o (puts)
/opt/st/stm32cubeide_2.0.0/plugins/com.st.stm32cube.ide.mcu.externaltools.gnu-tools-for-stm32.13.3.rel1.linux64_1.0.100.202509120712/tools/bin/../lib/gcc/arm-none-eabi/13.3.1/../../../../arm-none-eabi/lib/thumb/v7e-m+fp/hard/libc_nano.a(libc_a-snprintf.o)
                              ./Core/Src/photo.o (snprintf)
/opt/st/stm32cubeide_2.0.0/plugins/com.st.stm32cube.ide.mcu.externaltools.gnu-tools-for-stm32.13.3.rel1.linux64_1.0.100.202509120712/tools/bin/../lib/gcc/arm-none-eabi/13.3.1/../../../../arm-none-eabi/lib/thumb/v7e-m+fp/hard/libc_nano.a(libc_a-stdio.o)
                              /opt/st/stm32cubeide_2.0.0/plugins/com.st.stm32cube.ide.mcu.externaltools.gnu-tools-for-stm32.13.3.rel1.linux64_1.0.100.202509120712/tools/bin/../lib/gcc/arm-none-eabi/13.3.1/../../../../arm-none-eabi/lib/thumb/v7e-m+fp/hard/libc_nano.a(libc_a-findfp.o) (__sread)
/opt/st/stm32cubeide_2.0.0/plugins/com.st.stm32cube.ide.mcu.externaltools.gnu-tools-for-stm32.13.3.rel1.linux64_1.0.100.202509120712/tools/bin/../lib/gcc/arm-none-eabi/13.3.1/../../../../arm-none-eabi/lib/thumb/v7e-m+fp/hard/libc_nano.a(libc_a-wbuf.o)
                              /opt/st/stm32cubeide_2.0.0/plugins/com.st.stm32cube.ide.mcu.externaltools.gnu-tools-for-stm32.13.3.rel1.linux64_1.0.100.202509120712/tools/bin/../lib/gcc/arm-none-eabi/13.3.1/../../../../arm-none-eabi/lib/thumb/v7e-m+fp/hard/libc_nano.a(libc_a-puts.o) (__swbuf_r)
/opt/st/stm32cubeide_2.0.0/plugins/com.st.stm32cube.ide.mcu.externaltools.gnu-tools-for-stm32.13.3.rel1.linux64_1.0.100.202509120712/tools/bin/../lib/gcc/arm-none-eabi/13.3.1/../../../../arm-none-eabi/lib/thumb/v7e-m+fp/hard/libc_nano.a(libc_a-wsetup.o)
                              /opt/st/stm32cubeide_2.0.0/plugins/com.st.stm32cube.ide.mcu.externaltools.gnu-tools-for-stm32.13.3.rel1.linux64_1.0.100.202509120712/tools/bin/../lib/gcc/arm-none-eabi/13.3.1/../../../../arm-none-eabi/lib/thumb/v7e-m+fp/hard/libc_nano.a(libc_a-puts.o) (__swsetup_r)
/opt/st/stm32cubeide_2.0.0/plugins/com.st.stm32cube.ide.mcu.externaltools.gnu-tools-for-stm32.13.3.rel1.linux64_1.0.100.202509120712/tools/bin/../lib/gcc/arm-none-eabi/13.3.1/../../../../arm-none-eabi/lib/thumb/v7e-m+fp/hard/libc_nano.a(libc_a-memset.o)
                              /opt/st/stm32cubeide_2.0.0/plugins/com.st.stm32cube.ide.mcu.externaltools.gnu-tools-for-stm32.13.3.rel1.linux64_1.0.100.202509120712/tools/bin/../lib/gcc/arm-none-eabi/13.3.1/../../../../arm-none-eabi/lib/thumb/v7e-m+fp/hard/crt0.o (memset)
[...]
Memory Configuration

Name             Origin             Length             Attributes
RAM              0x20000000         0x00020000         xrw
FLASH            0x08000000         0x00080000         xr
*default*        0x00000000         0xffffffff

Linker script and memory map

LOAD /opt/st/stm32cubeide_2.0.0/plugins/com.st.stm32cube.ide.mcu.externaltools.gnu-tools-for-stm32.13.3.rel1.linux64_1.0.100.202509120712/tools/bin/../lib/gcc/arm-none-eabi/13.3.1/thumb/v7e-m+fp/hard/crti.o
LOAD /opt/st/stm32cubeide_2.0.0/plugins/com.st.stm32cube.ide.mcu.externaltools.gnu-tools-for-stm32.13.3.rel1.linux64_1.0.100.202509120712/tools/bin/../lib/gcc/arm-none-eabi/13.3.1/thumb/v7e-m+fp/hard/crtbegin.o
LOAD /opt/st/stm32cubeide_2.0.0/plugins/com.st.stm32cube.ide.mcu.externaltools.gnu-tools-for-stm32.13.3.rel1.linux64_1.0.100.202509120712/tools/bin/../lib/gcc/arm-none-eabi/13.3.1/../../../../arm-none-eabi/lib/thumb/v7e-m+fp/hard/crt0.o
LOAD ./Core/Src/I2C_LCD.o
LOAD ./Core/Src/delay.o
LOAD ./Core/Src/dht11.o
LOAD ./Core/Src/elevator.o
LOAD ./Core/Src/gpio.o
LOAD ./Core/Src/i2c.o
LOAD ./Core/Src/main.o
LOAD ./Core/Src/photo.o
LOAD ./Core/Src/stm32f4xx_hal_msp.o
LOAD ./Core/Src/stm32f4xx_it.o
LOAD ./Core/Src/syscalls.o
LOAD ./Core/Src/sysmem.o
LOAD ./Core/Src/system_stm32f4xx.o
LOAD ./Core/Src/tim.o
LOAD ./Core/Src/usart.o
LOAD ./Core/Startup/startup_stm32f411retx.o
LOAD ./Drivers/STM32F4xx_HAL_Driver/Src/stm32f4xx_hal.o
LOAD ./Drivers/STM32F4xx_HAL_Driver/Src/stm32f4xx_hal_cortex.o
LOAD ./Drivers/STM32F4xx_HAL_Driver/Src/stm32f4xx_hal_dma.o
LOAD ./Drivers/STM32F4xx_HAL_Driver/Src/stm32f4xx_hal_dma_ex.o
LOAD ./Drivers/STM32F4xx_HAL_Driver/Src/stm32f4xx_hal_exti.o
LOAD ./Drivers/STM32F4xx_HAL_Driver/Src/stm32f4xx_hal_flash.o
LOAD ./Drivers/STM32F4xx_HAL_Driver/Src/stm32f4xx_hal_flash_ex.o
LOAD ./Drivers/STM32F4xx_HAL_Driver/Src/stm32f4xx_hal_flash_ramfunc.o
LOAD ./Drivers/STM32F4xx_HAL_Driver/Src/stm32f4xx_hal_gpio.o
LOAD ./Drivers/STM32F4xx_HAL_Driver/Src/stm32f4xx_hal_i2c.o
LOAD ./Drivers/STM32F4xx_HAL_Driver/Src/stm32f4xx_hal_i2c_ex.o
LOAD ./Drivers/STM32F4xx_HAL_Driver/Src/stm32f4xx_hal_pwr.o
LOAD ./Drivers/STM32F4xx_HAL_Driver/Src/stm32f4xx_hal_pwr_ex.o
LOAD ./Drivers/STM32F4xx_HAL_Driver/Src/stm32f4xx_hal_rcc.o
LOAD ./Drivers/STM32F4xx_HAL_Driver/Src/stm32f4xx_hal_rcc_ex.o
LOAD ./Drivers/STM32F4xx_HAL_Driver/Src/stm32f4xx_hal_tim.o
LOAD ./Drivers/STM32F4xx_HAL_Driver/Src/stm32f4xx_hal_tim_ex.o
LOAD ./Drivers/STM32F4xx_HAL_Driver/Src/stm32f4xx_hal_uart.o
START GROUP
LOAD /opt/st/stm32cubeide_2.0.0/plugins/com.st.stm32cube.ide.mcu.externaltools.gnu-tools-for-stm32.13.3.rel1.linux64_1.0.100.202509120712/tools/bin/../lib/gcc/arm-none-eabi/13.3.1/../../../../arm-none-eabi/lib/thumb/v7e-m+fp/hard/libc_nano.a
LOAD /opt/st/stm32cubeide_2.0.0/plugins/com.st.stm32cube.ide.mcu.externaltools.gnu-tools-for-stm32.13.3.rel1.linux64_1.0.100.202509120712/tools/bin/../lib/gcc/arm-none-eabi/13.3.1/../../../../arm-none-eabi/lib/thumb/v7e-m+fp/hard/libm.a
END GROUP
START GROUP
LOAD /opt/st/stm32cubeide_2.0.0/plugins/com.st.stm32cube.ide.mcu.externaltools.gnu-tools-for-stm32.13.3.rel1.linux64_1.0.100.202509120712/tools/bin/../lib/gcc/arm-none-eabi/13.3.1/thumb/v7e-m+fp/hard/libgcc.a
LOAD /opt/st/stm32cubeide_2.0.0/plugins/com.st.stm32cube.ide.mcu.externaltools.gnu-tools-for-stm32.13.3.rel1.linux64_1.0.100.202509120712/tools/bin/../lib/gcc/arm-none-eabi/13.3.1/../../../../arm-none-eabi/lib/thumb/v7e-m+fp/hard/libc_nano.a
END GROUP
START GROUP
LOAD /opt/st/stm32cubeide_2.0.0/plugins/com.st.stm32cube.ide.mcu.externaltools.gnu-tools-for-stm32.13.3.rel1.linux64_1.0.100.202509120712/tools/bin/../lib/gcc/arm-none-eabi/13.3.1/thumb/v7e-m+fp/hard/libgcc.a
LOAD /opt/st/stm32cubeide_2.0.0/plugins/com.st.stm32cube.ide.mcu.externaltools.gnu-tools-for-stm32.13.3.rel1.linux64_1.0.100.202509120712/tools/bin/../lib/gcc/arm-none-eabi/13.3.1/../../../../arm-none-eabi/lib/thumb/v7e-m+fp/hard/libc_nano.a
LOAD /opt/st/stm32cubeide_2.0.0/plugins/com.st.stm32cube.ide.mcu.externaltools.gnu-tools-for-stm32.13.3.rel1.linux64_1.0.100.202509120712/tools/bin/../lib/gcc/arm-none-eabi/13.3.1/../../../../arm-none-eabi/lib/thumb/v7e-m+fp/hard/libnosys.a
END GROUP
START GROUP
LOAD /opt/st/stm32cubeide_2.0.0/plugins/com.st.stm32cube.ide.mcu.externaltools.gnu-tools-for-stm32.13.3.rel1.linux64_1.0.100.202509120712/tools/bin/../lib/gcc/arm-none-eabi/13.3.1/thumb/v7e-m+fp/hard/libgcc.a
LOAD /opt/st/stm32cubeide_2.0.0/plugins/com.st.stm32cube.ide.mcu.externaltools.gnu-tools-for-stm32.13.3.rel1.linux64_1.0.100.202509120712/tools/bin/../lib/gcc/arm-none-eabi/13.3.1/../../../../arm-none-eabi/lib/thumb/v7e-m+fp/hard/libc_nano.a
LOAD /opt/st/stm32cubeide_2.0.0/plugins/com.st.stm32cube.ide.mcu.externaltools.gnu-tools-for-stm32.13.3.rel1.linux64_1.0.100.202509120712/tools/bin/../lib/gcc/arm-none-eabi/13.3.1/../../../../arm-none-eabi/lib/thumb/v7e-m+fp/hard/libnosys.a
END GROUP
LOAD /opt/st/stm32cubeide_2.0.0/plugins/com.st.stm32cube.ide.mcu.externaltools.gnu-tools-for-stm32.13.3.rel1.linux64_1.0.100.202509120712/tools/bin/../lib/gcc/arm-none-eabi/13.3.1/thumb/v7e-m+fp/hard/crtend.o
LOAD /opt/st/stm32cubeide_2.0.0/plugins/com.st.stm32cube.ide.mcu.externaltools.gnu-tools-for-stm32.13.3.rel1.linux64_1.0.100.202509120712/tools/bin/../lib/gcc/arm-none-eabi/13.3.1/thumb/v7e-m+fp/hard/crtn.o
                0x20020000                        _estack = (ORIGIN (RAM) + LENGTH (RAM))
                0x00000200                        _Min_Heap_Size = 0x200
                0x00000400                        _Min_Stack_Size = 0x400

.isr_vector     0x08000000      0x198
                0x08000000                        . = ALIGN (0x4)
 *(.isr_vector)
 .isr_vector    0x08000000      0x198 ./Core/Startup/startup_stm32f411retx.o
                0x08000000                g_pfnVectors
                0x08000198                        . = ALIGN (0x4)

.text           0x080001a0     0x5830
                0x080001a0                        . = ALIGN (0x4)
 *(.text)
 .text          0x080001a0       0x40 /opt/st/stm32cubeide_2.0.0/plugins/com.st.stm32cube.ide.mcu.externaltools.gnu-tools-for-stm32.13.3.rel1.linux64_1.0.100.202509120712/tools/bin/../lib/gcc/arm-none-eabi/13.3.1/thumb/v7e-m+fp/hard/crtbegin.o
 .text          0x080001e0       0x10 /opt/st/stm32cubeide_2.0.0/plugins/com.st.stm32cube.ide.mcu.externaltools.gnu-tools-for-stm32.13.3.rel1.linux64_1.0.100.202509120712/tools/bin/../lib/gcc/arm-none-eabi/13.3.1/../../../../arm-none-eabi/lib/thumb/v7e-m+fp/hard/libc_nano.a(libc_a-strlen.o)
                0x080001e0                strlen
 .text          0x080001f0       0xa0 /opt/st/stm32cubeide_2.0.0/plugins/com.st.stm32cube.ide.mcu.externaltools.gnu-tools-for-stm32.13.3.rel1.linux64_1.0.100.202509120712/tools/bin/../lib/gcc/arm-none-eabi/13.3.1/../../../../arm-none-eabi/lib/thumb/v7e-m+fp/hard/libc_nano.a(libc_a-memchr.o)
                0x080001f0                memchr
 .text          0x08000290       0x30 /opt/st/stm32cubeide_2.0.0/plugins/com.st.stm32cube.ide.mcu.externaltools.gnu-tools-for-stm32.13.3.rel1.linux64_1.0.100.202509120712/tools/bin/../lib/gcc/arm-none-eabi/13.3.1/thumb/v7e-m+fp/hard/libgcc.a(_aeabi_uldivmod.o)
                0x08000290                __aeabi_uldivmod
 .text          0x080002c0      0x2f8 /opt/st/stm32cubeide_2.0.0/plugins/com.st.stm32cube.ide.mcu.externaltools.gnu-tools-for-stm32.13.3.rel1.linux64_1.0.100.202509120712/tools/bin/../lib/gcc/arm-none-eabi/13.3.1/thumb/v7e-m+fp/hard/libgcc.a(_udivmoddi4.o)
                0x080002c0                __udivmoddi4
 .text          0x080005b8        0x4 /opt/st/stm32cubeide_2.0.0/plugins/com.st.stm32cube.ide.mcu.externaltools.gnu-tools-for-stm32.13.3.rel1.linux64_1.0.100.202509120712/tools/bin/../lib/gcc/arm-none-eabi/13.3.1/thumb/v7e-m+fp/hard/libgcc.a(_dvmd_tls.o)
                0x080005b8                __aeabi_ldiv0
                0x080005b8                __aeabi_idiv0
 *(.text*)
 .text.lcd_command
                0x080005bc       0x68 ./Core/Src/I2C_LCD.o
                0x080005bc                lcd_command
 .text.lcd_data
                0x08000624       0x68 ./Core/Src/I2C_LCD.o
                0x08000624                lcd_data
 .text.i2c_lcd_init
                0x0800068c       0x56 ./Core/Src/I2C_LCD.o
                0x0800068c                i2c_lcd_init
 .text.lcd_string
                0x080006e2       0x2a ./Core/Src/I2C_LCD.o
                0x080006e2                lcd_string
 .text.move_cursor
                0x0800070c       0x30 ./Core/Src/I2C_LCD.o
                0x0800070c                move_cursor
 .text.delay_us
                0x0800073c       0x34 ./Core/Src/delay.o
                0x0800073c                delay_us
 .text.dht11Init
                0x08000770       0x26 ./Core/Src/dht11.o
                0x08000770                dht11Init
 .text.dht11GpioMode
                0x08000796       0x76 ./Core/Src/dht11.o
                0x08000796                dht11GpioMode
 .text.dht11Read
                0x0800080c      0x380 ./Core/Src/dht11.o
                0x0800080c                dht11Read
 .text.Elevator_Init
                0x08000b8c       0x1c ./Core/Src/elevator.o
                0x08000b8c                Elevator_Init
 .text.Elevator_Loop
                0x08000ba8      0x174 ./Core/Src/elevator.o
                0x08000ba8                Elevator_Loop
 .text.Elevator_SensorCallback
                0x08000d1c       0x98 ./Core/Src/elevator.o
                0x08000d1c                Elevator_SensorCallback
 .text.StepMotorOneStep
                0x08000db4       0xc0 ./Core/Src/elevator.o
                0x08000db4                StepMotorOneStep
 .text.LEDBar_AllOn
                0x08000e74       0x6c ./Core/Src/elevator.o
                0x08000e74                LEDBar_AllOn
 .text.LEDBar_AllOff
                0x08000ee0       0x6c ./Core/Src/elevator.o
                0x08000ee0                LEDBar_AllOff
 .text.UpdateLEDBarOneStep
                0x08000f4c       0xa4 ./Core/Src/elevator.o
                0x08000f4c                UpdateLEDBarOneStep
 .text.SetFND   0x08000ff0       0xe8 ./Core/Src/elevator.o
                0x08000ff0                SetFND
 .text.StopComponents
                0x080010d8       0x54 ./Core/Src/elevator.o
                0x080010d8                StopComponents
 .text.MX_GPIO_Init
                0x0800112c      0x1c8 ./Core/Src/gpio.o
                0x0800112c                MX_GPIO_Init
 .text.MX_I2C1_Init
                0x080012f4       0x5c ./Core/Src/i2c.o
                0x080012f4                MX_I2C1_Init
 .text.HAL_I2C_MspInit
                0x08001350       0x90 ./Core/Src/i2c.o
                0x08001350                HAL_I2C_MspInit
 .text.main     0x080013e0       0x48 ./Core/Src/main.o
                0x080013e0                main
 .text.SystemClock_Config
                0x08001428       0xd0 ./Core/Src/main.o
                0x08001428                SystemClock_Config
 .text.HAL_GPIO_EXTI_Callback
                0x080014f8       0x1a ./Core/Src/main.o
                0x080014f8                HAL_GPIO_EXTI_Callback
 .text.Error_Handler
                0x08001512        0xc ./Core/Src/main.o
                0x08001512                Error_Handler
 *fill*         0x0800151e        0x2 
 .text.photoInit
                0x08001520       0xb8 ./Core/Src/photo.o
                0x08001520                photoInit
 .text.photoLoop
                0x080015d8       0xb4 ./Core/Src/photo.o
                0x080015d8                photoLoop
 .text.photoGetState
                0x0800168c       0x3a ./Core/Src/photo.o
 .text.photoLcdInit
                0x080016c6       0x10 ./Core/Src/photo.o
 .text.photoLcdClear
                0x080016d6       0x14 ./Core/Src/photo.o
 *fill*         0x080016ea        0x2 
 .text.photoLcdPrint
                0x080016ec       0xa4 ./Core/Src/photo.o
 .text.HAL_MspInit
                0x08001790       0x50 ./Core/Src/stm32f4xx_hal_msp.o
                0x08001790                HAL_MspInit
 .text.NMI_Handler
                0x080017e0        0x8 ./Core/Src/stm32f4xx_it.o
                0x080017e0                NMI_Handler
 .text.HardFault_Handler
                0x080017e8        0x8 ./Core/Src/stm32f4xx_it.o
                0x080017e8                HardFault_Handler
 .text.MemManage_Handler
                0x080017f0        0x8 ./Core/Src/stm32f4xx_it.o
                0x080017f0                MemManage_Handler
 .text.BusFault_Handler
                0x080017f8        0x8 ./Core/Src/stm32f4xx_it.o
                0x080017f8                BusFault_Handler
 .text.UsageFault_Handler
                0x08001800        0x8 ./Core/Src/stm32f4xx_it.o
                0x08001800                UsageFault_Handler
 .text.SVC_Handler
                0x08001808        0xe ./Core/Src/stm32f4xx_it.o
                0x08001808                SVC_Handler
 .text.DebugMon_Handler
                0x08001816        0xe ./Core/Src/stm32f4xx_it.o
                0x08001816                DebugMon_Handler
 .text.PendSV_Handler
                0x08001824        0xe ./Core/Src/stm32f4xx_it.o
                0x08001824                PendSV_Handler
 .text.SysTick_Handler
                0x08001832        0xc ./Core/Src/stm32f4xx_it.o
                0x08001832                SysTick_Handler
 .text.EXTI3_IRQHandler
                0x0800183e        0xe ./Core/Src/stm32f4xx_it.o
                0x0800183e                EXTI3_IRQHandler
 .text.EXTI4_IRQHandler
                0x0800184c        0xe ./Core/Src/stm32f4xx_it.o
                0x0800184c                EXTI4_IRQHandler
 .text.EXTI9_5_IRQHandler
                0x0800185a        0xe ./Core/Src/stm32f4xx_it.o
                0x0800185a                EXTI9_5_IRQHandler
 .text.EXTI15_10_IRQHandler
                0x08001868       0x10 ./Core/Src/stm32f4xx_it.o
                0x08001868                EXTI15_10_IRQHandler
 .text._read    0x08001878       0x3a ./Core/Src/syscalls.o
                0x08001878                _read
 .text._write   0x080018b2       0x38 ./Core/Src/syscalls.o
                0x080018b2                _write
 .text._close   0x080018ea       0x18 ./Core/Src/syscalls.o
                0x080018ea                _close
 .text._fstat   0x08001902       0x20 ./Core/Src/syscalls.o
                0x08001902                _fstat
 .text._isatty  0x08001922       0x16 ./Core/Src/syscalls.o
                0x08001922                _isatty
 .text._lseek   0x08001938       0x1a ./Core/Src/syscalls.o
                0x08001938                _lseek
 *fill*         0x08001952        0x2 
 .text._sbrk    0x08001954       0x6c ./Core/Src/sysmem.o
                0x08001954                _sbrk
 .text.SystemInit
                0x080019c0       0x24 ./Core/Src/system_stm32f4xx.o
                0x080019c0                SystemInit
 .text.MX_TIM3_Init
                0x080019e4       0xe0 ./Core/Src/tim.o
                0x080019e4                MX_TIM3_Init
 .text.MX_TIM10_Init
                0x08001ac4       0x48 ./Core/Src/tim.o
                0x08001ac4                MX_TIM10_Init
 .text.MX_TIM11_Init
                0x08001b0c       0x48 ./Core/Src/tim.o
                0x08001b0c                MX_TIM11_Init
 .text.HAL_TIM_Base_MspInit
                0x08001b54       0xe8 ./Core/Src/tim.o
                0x08001b54                HAL_TIM_Base_MspInit
 .text.MX_USART2_UART_Init
                0x08001c3c       0x54 ./Core/Src/usart.o
                0x08001c3c                MX_USART2_UART_Init
 .text.HAL_UART_MspInit
                0x08001c90       0x90 ./Core/Src/usart.o
                0x08001c90                HAL_UART_MspInit
 .text.Reset_Handler
                0x08001d20       0x50 ./Core/Startup/startup_stm32f411retx.o
                0x08001d20                Reset_Handler
 .text.Default_Handler
                0x08001d70        0x2 ./Core/Startup/startup_stm32f411retx.o
                0x08001d70                RTC_Alarm_IRQHandler
                0x08001d70                EXTI2_IRQHandler
                0x08001d70                SPI4_IRQHandler
                0x08001d70                TIM1_CC_IRQHandler
                0x08001d70                DMA2_Stream5_IRQHandler
                0x08001d70                DMA1_Stream5_IRQHandler
                0x08001d70                PVD_IRQHandler
                0x08001d70                SDIO_IRQHandler
                0x08001d70                TAMP_STAMP_IRQHandler
                0x08001d70                TIM1_UP_TIM10_IRQHandler
                0x08001d70                I2C3_ER_IRQHandler
                0x08001d70                EXTI0_IRQHandler
                0x08001d70                I2C2_EV_IRQHandler
                0x08001d70                DMA1_Stream2_IRQHandler
                0x08001d70                FPU_IRQHandler
                0x08001d70                DMA2_Stream2_IRQHandler
                0x08001d70                SPI1_IRQHandler
                0x08001d70                TIM1_BRK_TIM9_IRQHandler
                0x08001d70                DMA2_Stream3_IRQHandler
                0x08001d70                USART6_IRQHandler
                0x08001d70                DMA2_Stream0_IRQHandler
                0x08001d70                TIM4_IRQHandler
                0x08001d70                I2C1_EV_IRQHandler
                0x08001d70                DMA1_Stream6_IRQHandler
                0x08001d70                DMA1_Stream1_IRQHandler
                0x08001d70                TIM3_IRQHandler
                0x08001d70                RCC_IRQHandler
                0x08001d70                Default_Handler
                0x08001d70                ADC_IRQHandler
                0x08001d70                DMA1_Stream7_IRQHandler
                0x08001d70                SPI5_IRQHandler
                0x08001d70                TIM5_IRQHandler
                0x08001d70                DMA2_Stream7_IRQHandler
                0x08001d70                I2C3_EV_IRQHandler
                0x08001d70                RTC_WKUP_IRQHandler
                0x08001d70                SPI2_IRQHandler
                0x08001d70                DMA1_Stream0_IRQHandler
                0x08001d70                WWDG_IRQHandler
                0x08001d70                TIM2_IRQHandler
                0x08001d70                OTG_FS_WKUP_IRQHandler
                0x08001d70                TIM1_TRG_COM_TIM11_IRQHandler
                0x08001d70                EXTI1_IRQHandler
                0x08001d70                USART2_IRQHandler
                0x08001d70                I2C2_ER_IRQHandler
                0x08001d70                DMA2_Stream1_IRQHandler
                0x08001d70                FLASH_IRQHandler
                0x08001d70                DMA2_Stream4_IRQHandler
                0x08001d70                USART1_IRQHandler
                0x08001d70                OTG_FS_IRQHandler
                0x08001d70                SPI3_IRQHandler
                0x08001d70                DMA1_Stream4_IRQHandler
                0x08001d70                I2C1_ER_IRQHandler
                0x08001d70                DMA2_Stream6_IRQHandler
                0x08001d70                DMA1_Stream3_IRQHandler
 *fill*         0x08001d72        0x2 
 .text.HAL_Init
                0x08001d74       0x44 ./Drivers/STM32F4xx_HAL_Driver/Src/stm32f4xx_hal.o
                0x08001d74                HAL_Init
 .text.HAL_InitTick
                0x08001db8       0x60 ./Drivers/STM32F4xx_HAL_Driver/Src/stm32f4xx_hal.o
                0x08001db8                HAL_InitTick
 .text.HAL_IncTick
                0x08001e18       0x28 ./Drivers/STM32F4xx_HAL_Driver/Src/stm32f4xx_hal.o
                0x08001e18                HAL_IncTick
 .text.HAL_GetTick
                0x08001e40       0x18 ./Drivers/STM32F4xx_HAL_Driver/Src/stm32f4xx_hal.o
                0x08001e40                HAL_GetTick
 .text.HAL_Delay
                0x08001e58       0x48 ./Drivers/STM32F4xx_HAL_Driver/Src/stm32f4xx_hal.o
                0x08001e58                HAL_Delay
 .text.__NVIC_SetPriorityGrouping
                0x08001ea0       0x48 ./Drivers/STM32F4xx_HAL_Driver/Src/stm32f4xx_hal_cortex.o
 .text.__NVIC_GetPriorityGrouping
                0x08001ee8       0x1c ./Drivers/STM32F4xx_HAL_Driver/Src/stm32f4xx_hal_cortex.o
 .text.__NVIC_EnableIRQ
                0x08001f04       0x3c ./Drivers/STM32F4xx_HAL_Driver/Src/stm32f4xx_hal_cortex.o
 .text.__NVIC_SetPriority
                0x08001f40       0x54 ./Drivers/STM32F4xx_HAL_Driver/Src/stm32f4xx_hal_cortex.o
 .text.NVIC_EncodePriority
                0x08001f94       0x66 ./Drivers/STM32F4xx_HAL_Driver/Src/stm32f4xx_hal_cortex.o
 *fill*         0x08001ffa        0x2 
 .text.SysTick_Config
                0x08001ffc       0x44 ./Drivers/STM32F4xx_HAL_Driver/Src/stm32f4xx_hal_cortex.o
 .text.HAL_NVIC_SetPriorityGrouping
                0x08002040       0x16 ./Drivers/STM32F4xx_HAL_Driver/Src/stm32f4xx_hal_cortex.o
                0x08002040                HAL_NVIC_SetPriorityGrouping
 .text.HAL_NVIC_SetPriority
                0x08002056       0x38 ./Drivers/STM32F4xx_HAL_Driver/Src/stm32f4xx_hal_cortex.o
                0x08002056                HAL_NVIC_SetPriority
 .text.HAL_NVIC_EnableIRQ
                0x0800208e       0x1c ./Drivers/STM32F4xx_HAL_Driver/Src/stm32f4xx_hal_cortex.o
                0x0800208e                HAL_NVIC_EnableIRQ
 .text.HAL_SYSTICK_Config
                0x080020aa       0x18 ./Drivers/STM32F4xx_HAL_Driver/Src/stm32f4xx_hal_cortex.o
                0x080020aa                HAL_SYSTICK_Config
 *fill*         0x080020c2        0x2 
 .text.HAL_GPIO_Init
                0x080020c4      0x308 ./Drivers/STM32F4xx_HAL_Driver/Src/stm32f4xx_hal_gpio.o
                0x080020c4                HAL_GPIO_Init
 .text.HAL_GPIO_ReadPin
                0x080023cc       0x30 ./Drivers/STM32F4xx_HAL_Driver/Src/stm32f4xx_hal_gpio.o
                0x080023cc                HAL_GPIO_ReadPin
 .text.HAL_GPIO_WritePin
                0x080023fc       0x32 ./Drivers/STM32F4xx_HAL_Driver/Src/stm32f4xx_hal_gpio.o
                0x080023fc                HAL_GPIO_WritePin
 *fill*         0x0800242e        0x2 
 .text.HAL_GPIO_EXTI_IRQHandler
                0x08002430       0x30 ./Drivers/STM32F4xx_HAL_Driver/Src/stm32f4xx_hal_gpio.o
                0x08002430                HAL_GPIO_EXTI_IRQHandler
 .text.HAL_I2C_Init
                0x08002460      0x288 ./Drivers/STM32F4xx_HAL_Driver/Src/stm32f4xx_hal_i2c.o
                0x08002460                HAL_I2C_Init
 .text.HAL_I2C_Master_Transmit
                0x080026e8      0x1fc ./Drivers/STM32F4xx_HAL_Driver/Src/stm32f4xx_hal_i2c.o
                0x080026e8                HAL_I2C_Master_Transmit
 .text.I2C_MasterRequestWrite
                0x080028e4      0x104 ./Drivers/STM32F4xx_HAL_Driver/Src/stm32f4xx_hal_i2c.o
 .text.I2C_WaitOnFlagUntilTimeout
                0x080029e8       0xf4 ./Drivers/STM32F4xx_HAL_Driver/Src/stm32f4xx_hal_i2c.o
 .text.I2C_WaitOnMasterAddressFlagUntilTimeout
                0x08002adc      0x140 ./Drivers/STM32F4xx_HAL_Driver/Src/stm32f4xx_hal_i2c.o
 .text.I2C_WaitOnTXEFlagUntilTimeout
                0x08002c1c       0x90 ./Drivers/STM32F4xx_HAL_Driver/Src/stm32f4xx_hal_i2c.o
 .text.I2C_WaitOnBTFFlagUntilTimeout
                0x08002cac       0x90 ./Drivers/STM32F4xx_HAL_Driver/Src/stm32f4xx_hal_i2c.o
 .text.I2C_IsAcknowledgeFailed
                0x08002d3c       0x5e ./Drivers/STM32F4xx_HAL_Driver/Src/stm32f4xx_hal_i2c.o
 *fill*         0x08002d9a        0x2 
 .text.HAL_RCC_OscConfig
                0x08002d9c      0x4f0 ./Drivers/STM32F4xx_HAL_Driver/Src/stm32f4xx_hal_rcc.o
                0x08002d9c                HAL_RCC_OscConfig
 .text.HAL_RCC_ClockConfig
                0x0800328c      0x1cc ./Drivers/STM32F4xx_HAL_Driver/Src/stm32f4xx_hal_rcc.o
                0x0800328c                HAL_RCC_ClockConfig
 .text.HAL_RCC_GetSysClockFreq
                0x08003458      0x20c ./Drivers/STM32F4xx_HAL_Driver/Src/stm32f4xx_hal_rcc.o
                0x08003458                HAL_RCC_GetSysClockFreq
 .text.HAL_RCC_GetHCLKFreq
                0x08003664       0x18 ./Drivers/STM32F4xx_HAL_Driver/Src/stm32f4xx_hal_rcc.o
                0x08003664                HAL_RCC_GetHCLKFreq
 .text.HAL_RCC_GetPCLK1Freq
                0x0800367c       0x28 ./Drivers/STM32F4xx_HAL_Driver/Src/stm32f4xx_hal_rcc.o
                0x0800367c                HAL_RCC_GetPCLK1Freq
 .text.HAL_RCC_GetPCLK2Freq
                0x080036a4       0x28 ./Drivers/STM32F4xx_HAL_Driver/Src/stm32f4xx_hal_rcc.o
                0x080036a4                HAL_RCC_GetPCLK2Freq
 .text.HAL_TIM_Base_Init
                0x080036cc       0x9e ./Drivers/STM32F4xx_HAL_Driver/Src/stm32f4xx_hal_tim.o
                0x080036cc                HAL_TIM_Base_Init
 *fill*         0x0800376a        0x2 
 .text.HAL_TIM_Base_Start
                0x0800376c       0xb4 ./Drivers/STM32F4xx_HAL_Driver/Src/stm32f4xx_hal_tim.o
                0x0800376c                HAL_TIM_Base_Start
 .text.HAL_TIM_Base_Stop
                0x08003820       0x4e ./Drivers/STM32F4xx_HAL_Driver/Src/stm32f4xx_hal_tim.o
                0x08003820                HAL_TIM_Base_Stop
 .text.HAL_TIM_IC_Init
                0x0800386e       0x9e ./Drivers/STM32F4xx_HAL_Driver/Src/stm32f4xx_hal_tim.o
                0x0800386e                HAL_TIM_IC_Init
 .text.HAL_TIM_IC_MspInit
                0x0800390c       0x14 ./Drivers/STM32F4xx_HAL_Driver/Src/stm32f4xx_hal_tim.o
                0x0800390c                HAL_TIM_IC_MspInit
 .text.HAL_TIM_IC_ConfigChannel
                0x08003920      0x138 ./Drivers/STM32F4xx_HAL_Driver/Src/stm32f4xx_hal_tim.o
                0x08003920                HAL_TIM_IC_ConfigChannel
 .text.HAL_TIM_ConfigClockSource
                0x08003a58      0x18e ./Drivers/STM32F4xx_HAL_Driver/Src/stm32f4xx_hal_tim.o
                0x08003a58                HAL_TIM_ConfigClockSource
 *fill*         0x08003be6        0x2 
 .text.TIM_Base_SetConfig
                0x08003be8      0x10c ./Drivers/STM32F4xx_HAL_Driver/Src/stm32f4xx_hal_tim.o
                0x08003be8                TIM_Base_SetConfig
 .text.TIM_TI1_SetConfig
                0x08003cf4       0xd0 ./Drivers/STM32F4xx_HAL_Driver/Src/stm32f4xx_hal_tim.o
                0x08003cf4                TIM_TI1_SetConfig
 .text.TIM_TI1_ConfigInputStage
                0x08003dc4       0x5e ./Drivers/STM32F4xx_HAL_Driver/Src/stm32f4xx_hal_tim.o
 .text.TIM_TI2_SetConfig
                0x08003e22       0x7a ./Drivers/STM32F4xx_HAL_Driver/Src/stm32f4xx_hal_tim.o
 .text.TIM_TI2_ConfigInputStage
                0x08003e9c       0x60 ./Drivers/STM32F4xx_HAL_Driver/Src/stm32f4xx_hal_tim.o
 .text.TIM_TI3_SetConfig
                0x08003efc       0x78 ./Drivers/STM32F4xx_HAL_Driver/Src/stm32f4xx_hal_tim.o
 .text.TIM_TI4_SetConfig
                0x08003f74       0x7a ./Drivers/STM32F4xx_HAL_Driver/Src/stm32f4xx_hal_tim.o
 .text.TIM_ITRx_SetConfig
                0x08003fee       0x36 ./Drivers/STM32F4xx_HAL_Driver/Src/stm32f4xx_hal_tim.o
 .text.TIM_ETR_SetConfig
                0x08004024       0x40 ./Drivers/STM32F4xx_HAL_Driver/Src/stm32f4xx_hal_tim.o
                0x08004024                TIM_ETR_SetConfig
 .text.HAL_TIMEx_MasterConfigSynchronization
                0x08004064       0xdc ./Drivers/STM32F4xx_HAL_Driver/Src/stm32f4xx_hal_tim_ex.o
                0x08004064                HAL_TIMEx_MasterConfigSynchronization
 .text.HAL_UART_Init
                0x08004140       0xa0 ./Drivers/STM32F4xx_HAL_Driver/Src/stm32f4xx_hal_uart.o
                0x08004140                HAL_UART_Init
 .text.UART_SetConfig
                0x080041e0      0x4e8 ./Drivers/STM32F4xx_HAL_Driver/Src/stm32f4xx_hal_uart.o
 .text.std      0x080046c8       0x6c /opt/st/stm32cubeide_2.0.0/plugins/com.st.stm32cube.ide.mcu.externaltools.gnu-tools-for-stm32.13.3.rel1.linux64_1.0.100.202509120712/tools/bin/../lib/gcc/arm-none-eabi/13.3.1/../../../../arm-none-eabi/lib/thumb/v7e-m+fp/hard/libc_nano.a(libc_a-findfp.o)
 .text.stdio_exit_handler
                0x08004734       0x18 /opt/st/stm32cubeide_2.0.0/plugins/com.st.stm32cube.ide.mcu.externaltools.gnu-tools-for-stm32.13.3.rel1.linux64_1.0.100.202509120712/tools/bin/../lib/gcc/arm-none-eabi/13.3.1/../../../../arm-none-eabi/lib/thumb/v7e-m+fp/hard/libc_nano.a(libc_a-findfp.o)
 .text.cleanup_stdio
                0x0800474c       0x40 /opt/st/stm32cubeide_2.0.0/plugins/com.st.stm32cube.ide.mcu.externaltools.gnu-tools-for-stm32.13.3.rel1.linux64_1.0.100.202509120712/tools/bin/../lib/gcc/arm-none-eabi/13.3.1/../../../../arm-none-eabi/lib/thumb/v7e-m+fp/hard/libc_nano.a(libc_a-findfp.o)
 .text.global_stdio_init.part.0
                0x0800478c       0x3c /opt/st/stm32cubeide_2.0.0/plugins/com.st.stm32cube.ide.mcu.externaltools.gnu-tools-for-stm32.13.3.rel1.linux64_1.0.100.202509120712/tools/bin/../lib/gcc/arm-none-eabi/13.3.1/../../../../arm-none-eabi/lib/thumb/v7e-m+fp/hard/libc_nano.a(libc_a-findfp.o)
 .text.__sfp_lock_acquire
                0x080047c8        0xc /opt/st/stm32cubeide_2.0.0/plugins/com.st.stm32cube.ide.mcu.externaltools.gnu-tools-for-stm32.13.3.rel1.linux64_1.0.100.202509120712/tools/bin/../lib/gcc/arm-none-eabi/13.3.1/../../../../arm-none-eabi/lib/thumb/v7e-m+fp/hard/libc_nano.a(libc_a-findfp.o)
                0x080047c8                __sfp_lock_acquire
 .text.__sfp_lock_release
                0x080047d4        0xc /opt/st/stm32cubeide_2.0.0/plugins/com.st.stm32cube.ide.mcu.externaltools.gnu-tools-for-stm32.13.3.rel1.linux64_1.0.100.202509120712/tools/bin/../lib/gcc/arm-none-eabi/13.3.1/../../../../arm-none-eabi/lib/thumb/v7e-m+fp/hard/libc_nano.a(libc_a-findfp.o)
                0x080047d4                __sfp_lock_release
 .text.__sinit  0x080047e0       0x30 /opt/st/stm32cubeide_2.0.0/plugins/com.st.stm32cube.ide.mcu.externaltools.gnu-tools-for-stm32.13.3.rel1.linux64_1.0.100.202509120712/tools/bin/../lib/gcc/arm-none-eabi/13.3.1/../../../../arm-none-eabi/lib/thumb/v7e-m+fp/hard/libc_nano.a(libc_a-findfp.o)
                0x080047e0                __sinit
 .text._fwalk_sglue
                0x08004810       0x3c /opt/st/stm32cubeide_2.0.0/plugins/com.st.stm32cube.ide.mcu.externaltools.gnu-tools-for-stm32.13.3.rel1.linux64_1.0.100.202509120712/tools/bin/../lib/gcc/arm-none-eabi/13.3.1/../../../../arm-none-eabi/lib/thumb/v7e-m+fp/hard/libc_nano.a(libc_a-fwalk.o)
                0x08004810                _fwalk_sglue
 .text.printf   0x0800484c       0x24 /opt/st/stm32cubeide_2.0.0/plugins/com.st.stm32cube.ide.mcu.externaltools.gnu-tools-for-stm32.13.3.rel1.linux64_1.0.100.202509120712/tools/bin/../lib/gcc/arm-none-eabi/13.3.1/../../../../arm-none-eabi/lib/thumb/v7e-m+fp/hard/libc_nano.a(libc_a-printf.o)
                0x0800484c                printf
                0x0800484c                iprintf
 .text._puts_r  0x08004870       0xaa /opt/st/stm32cubeide_2.0.0/plugins/com.st.stm32cube.ide.mcu.externaltools.gnu-tools-for-stm32.13.3.rel1.linux64_1.0.100.202509120712/tools/bin/../lib/gcc/arm-none-eabi/13.3.1/../../../../arm-none-eabi/lib/thumb/v7e-m+fp/hard/libc_nano.a(libc_a-puts.o)
                0x08004870                _puts_r
 *fill*         0x0800491a        0x2 
 .text.puts     0x0800491c       0x10 /opt/st/stm32cubeide_2.0.0/plugins/com.st.stm32cube.ide.mcu.externaltools.gnu-tools-for-stm32.13.3.rel1.linux64_1.0.100.202509120712/tools/bin/../lib/gcc/arm-none-eabi/13.3.1/../../../../arm-none-eabi/lib/thumb/v7e-m+fp/hard/libc_nano.a(libc_a-puts.o)
                0x0800491c                puts
 .text.snprintf
                0x0800492c       0x6c /opt/st/stm32cubeide_2.0.0/plugins/com.st.stm32cube.ide.mcu.externaltools.gnu-tools-for-stm32.13.3.rel1.linux64_1.0.100.202509120712/tools/bin/../lib/gcc/arm-none-eabi/13.3.1/../../../../arm-none-eabi/lib/thumb/v7e-m+fp/hard/libc_nano.a(libc_a-snprintf.o)
                0x0800492c                snprintf
                0x0800492c                sniprintf
 .text.__sread  0x08004998       0x22 /opt/st/stm32cubeide_2.0.0/plugins/com.st.stm32cube.ide.mcu.externaltools.gnu-tools-for-stm32.13.3.rel1.linux64_1.0.100.202509120712/tools/bin/../lib/gcc/arm-none-eabi/13.3.1/../../../../arm-none-eabi/lib/thumb/v7e-m+fp/hard/libc_nano.a(libc_a-stdio.o)
                0x08004998                __sread
 .text.__swrite
                0x080049ba       0x38 /opt/st/stm32cubeide_2.0.0/plugins/com.st.stm32cube.ide.mcu.externaltools.gnu-tools-for-stm32.13.3.rel1.linux64_1.0.100.202509120712/tools/bin/../lib/gcc/arm-none-eabi/13.3.1/../../../../arm-none-eabi/lib/thumb/v7e-m+fp/hard/libc_nano.a(libc_a-stdio.o)
                0x080049ba                __swrite
 .text.__sseek  0x080049f2       0x24 /opt/st/stm32cubeide_2.0.0/plugins/com.st.stm32cube.ide.mcu.externaltools.gnu-tools-for-stm32.13.3.rel1.linux64_1.0.100.202509120712/tools/bin/../lib/gcc/arm-none-eabi/13.3.1/../../../../arm-none-eabi/lib/thumb/v7e-m+fp/hard/libc_nano.a(libc_a-stdio.o)
                0x080049f2                __sseek
 .text.__sclose
                0x08004a16        0x8 /opt/st/stm32cubeide_2.0.0/plugins/com.st.stm32cube.ide.mcu.externaltools.gnu-tools-for-stm32.13.3.rel1.linux64_1.0.100.202509120712/tools/bin/../lib/gcc/arm-none-eabi/13.3.1/../../../../arm-none-eabi/lib/thumb/v7e-m+fp/hard/libc_nano.a(libc_a-stdio.o)
                0x08004a16                __sclose
 .text.__swbuf_r
                0x08004a1e       0x7c /opt/st/stm32cubeide_2.0.0/plugins/com.st.stm32cube.ide.mcu.externaltools.gnu-tools-for-stm32.13.3.rel1.linux64_1.0.100.202509120712/tools/bin/../lib/gcc/arm-none-eabi/13.3.1/../../../../arm-none-eabi/lib/thumb/v7e-m+fp/hard/libc_nano.a(libc_a-wbuf.o)
                0x08004a1e                __swbuf_r
 *fill*         0x08004a9a        0x2 
 .text.__swsetup_r
                0x08004a9c       0xac /opt/st/stm32cubeide_2.0.0/plugins/com.st.stm32cube.ide.mcu.externaltools.gnu-tools-for-stm32.13.3.rel1.linux64_1.0.100.202509120712/tools/bin/../lib/gcc/arm-none-eabi/13.3.1/../../../../arm-none-eabi/lib/thumb/v7e-m+fp/hard/libc_nano.a(libc_a-wsetup.o)
                0x08004a9c                __swsetup_r
 .text.memset   0x08004b48       0x10 /opt/st/stm32cubeide_2.0.0/plugins/com.st.stm32cube.ide.mcu.externaltools.gnu-tools-for-stm32.13.3.rel1.linux64_1.0.100.202509120712/tools/bin/../lib/gcc/arm-none-eabi/13.3.1/../../../../arm-none-eabi/lib/thumb/v7e-m+fp/hard/libc_nano.a(libc_a-memset.o)
                0x08004b48                memset
 .text._close_r
                0x08004b58       0x20 /opt/st/stm32cubeide_2.0.0/plugins/com.st.stm32cube.ide.mcu.externaltools.gnu-tools-for-stm32.13.3.rel1.linux64_1.0.100.202509120712/tools/bin/../lib/gcc/arm-none-eabi/13.3.1/../../../../arm-none-eabi/lib/thumb/v7e-m+fp/hard/libc_nano.a(libc_a-closer.o)
                0x08004b58                _close_r
 .text._lseek_r
                0x08004b78       0x24 /opt/st/stm32cubeide_2.0.0/plugins/com.st.stm32cube.ide.mcu.externaltools.gnu-tools-for-stm32.13.3.rel1.linux64_1.0.100.202509120712/tools/bin/../lib/gcc/arm-none-eabi/13.3.1/../../../../arm-none-eabi/lib/thumb/v7e-m+fp/hard/libc_nano.a(libc_a-lseekr.o)
                0x08004b78                _lseek_r
 .text._read_r  0x08004b9c       0x24 /opt/st/stm32cubeide_2.0.0/plugins/com.st.stm32cube.ide.mcu.externaltools.gnu-tools-for-stm32.13.3.rel1.linux64_1.0.100.202509120712/tools/bin/../lib/gcc/arm-none-eabi/13.3.1/../../../../arm-none-eabi/lib/thumb/v7e-m+fp/hard/libc_nano.a(libc_a-readr.o)
                0x08004b9c                _read_r
 .text._write_r
                0x08004bc0       0x24 /opt/st/stm32cubeide_2.0.0/plugins/com.st.stm32cube.ide.mcu.externaltools.gnu-tools-for-stm32.13.3.rel1.linux64_1.0.100.202509120712/tools/bin/../lib/gcc/arm-none-eabi/13.3.1/../../../../arm-none-eabi/lib/thumb/v7e-m+fp/hard/libc_nano.a(libc_a-writer.o)
                0x08004bc0                _write_r
 .text.__errno  0x08004be4        0xc /opt/st/stm32cubeide_2.0.0/plugins/com.st.stm32cube.ide.mcu.externaltools.gnu-tools-for-stm32.13.3.rel1.linux64_1.0.100.202509120712/tools/bin/../lib/gcc/arm-none-eabi/13.3.1/../../../../arm-none-eabi/lib/thumb/v7e-m+fp/hard/libc_nano.a(libc_a-errno.o)
                0x08004be4                __errno
 .text.__libc_init_array
                0x08004bf0       0x48 /opt/st/stm32cubeide_2.0.0/plugins/com.st.stm32cube.ide.mcu.externaltools.gnu-tools-for-stm32.13.3.rel1.linux64_1.0.100.202509120712/tools/bin/../lib/gcc/arm-none-eabi/13.3.1/../../../../arm-none-eabi/lib/thumb/v7e-m+fp/hard/libc_nano.a(libc_a-init.o)
                0x08004bf0                __libc_init_array
 .text.__retarget_lock_init_recursive
                0x08004c38        0x2 /opt/st/stm32cubeide_2.0.0/plugins/com.st.stm32cube.ide.mcu.externaltools.gnu-tools-for-stm32.13.3.rel1.linux64_1.0.100.202509120712/tools/bin/../lib/gcc/arm-none-eabi/13.3.1/../../../../arm-none-eabi/lib/thumb/v7e-m+fp/hard/libc_nano.a(libc_a-lock.o)
                0x08004c38                __retarget_lock_init_recursive
 .text.__retarget_lock_acquire_recursive
                0x08004c3a        0x2 /opt/st/stm32cubeide_2.0.0/plugins/com.st.stm32cube.ide.mcu.externaltools.gnu-tools-for-stm32.13.3.rel1.linux64_1.0.100.202509120712/tools/bin/../lib/gcc/arm-none-eabi/13.3.1/../../../../arm-none-eabi/lib/thumb/v7e-m+fp/hard/libc_nano.a(libc_a-lock.o)
                0x08004c3a                __retarget_lock_acquire_recursive
 .text.__retarget_lock_release_recursive
                0x08004c3c        0x2 /opt/st/stm32cubeide_2.0.0/plugins/com.st.stm32cube.ide.mcu.externaltools.gnu-tools-for-stm32.13.3.rel1.linux64_1.0.100.202509120712/tools/bin/../lib/gcc/arm-none-eabi/13.3.1/../../../../arm-none-eabi/lib/thumb/v7e-m+fp/hard/libc_nano.a(libc_a-lock.o)
                0x08004c3c                __retarget_lock_release_recursive
 *fill*         0x08004c3e        0x2 
 .text._free_r  0x08004c40       0x94 /opt/st/stm32cubeide_2.0.0/plugins/com.st.stm32cube.ide.mcu.externaltools.gnu-tools-for-stm32.13.3.rel1.linux64_1.0.100.202509120712/tools/bin/../lib/gcc/arm-none-eabi/13.3.1/../../../../arm-none-eabi/lib/thumb/v7e-m+fp/hard/libc_nano.a(libc_a-freer.o)
                0x08004c40                _free_r
 .text.sbrk_aligned
                0x08004cd4       0x44 /opt/st/stm32cubeide_2.0.0/plugins/com.st.stm32cube.ide.mcu.externaltools.gnu-tools-for-stm32.13.3.rel1.linux64_1.0.100.202509120712/tools/bin/../lib/gcc/arm-none-eabi/13.3.1/../../../../arm-none-eabi/lib/thumb/v7e-m+fp/hard/libc_nano.a(libc_a-mallocr.o)
 .text._malloc_r
                0x08004d18      0x100 /opt/st/stm32cubeide_2.0.0/plugins/com.st.stm32cube.ide.mcu.externaltools.gnu-tools-for-stm32.13.3.rel1.linux64_1.0.100.202509120712/tools/bin/../lib/gcc/arm-none-eabi/13.3.1/../../../../arm-none-eabi/lib/thumb/v7e-m+fp/hard/libc_nano.a(libc_a-mallocr.o)
                0x08004d18                _malloc_r
 .text.__malloc_lock
                0x08004e18        0xc /opt/st/stm32cubeide_2.0.0/plugins/com.st.stm32cube.ide.mcu.externaltools.gnu-tools-for-stm32.13.3.rel1.linux64_1.0.100.202509120712/tools/bin/../lib/gcc/arm-none-eabi/13.3.1/../../../../arm-none-eabi/lib/thumb/v7e-m+fp/hard/libc_nano.a(libc_a-mlock.o)
                0x08004e18                __malloc_lock
 .text.__malloc_unlock
                0x08004e24        0xc /opt/st/stm32cubeide_2.0.0/plugins/com.st.stm32cube.ide.mcu.externaltools.gnu-tools-for-stm32.13.3.rel1.linux64_1.0.100.202509120712/tools/bin/../lib/gcc/arm-none-eabi/13.3.1/../../../../arm-none-eabi/lib/thumb/v7e-m+fp/hard/libc_nano.a(libc_a-mlock.o)
                0x08004e24                __malloc_unlock
 .text.__ssputs_r
                0x08004e30       0xb6 /opt/st/stm32cubeide_2.0.0/plugins/com.st.stm32cube.ide.mcu.externaltools.gnu-tools-for-stm32.13.3.rel1.linux64_1.0.100.202509120712/tools/bin/../lib/gcc/arm-none-eabi/13.3.1/../../../../arm-none-eabi/lib/thumb/v7e-m+fp/hard/libc_nano.a(libc_a-nano-svfprintf.o)
                0x08004e30                __ssputs_r
 *fill*         0x08004ee6        0x2 
 .text._svfprintf_r
                0x08004ee8      0x1f8 /opt/st/stm32cubeide_2.0.0/plugins/com.st.stm32cube.ide.mcu.externaltools.gnu-tools-for-stm32.13.3.rel1.linux64_1.0.100.202509120712/tools/bin/../lib/gcc/arm-none-eabi/13.3.1/../../../../arm-none-eabi/lib/thumb/v7e-m+fp/hard/libc_nano.a(libc_a-nano-svfprintf.o)
                0x08004ee8                _svfprintf_r
                0x08004ee8                _svfiprintf_r
 .text.__sfputc_r
                0x080050e0       0x2e /opt/st/stm32cubeide_2.0.0/plugins/com.st.stm32cube.ide.mcu.externaltools.gnu-tools-for-stm32.13.3.rel1.linux64_1.0.100.202509120712/tools/bin/../lib/gcc/arm-none-eabi/13.3.1/../../../../arm-none-eabi/lib/thumb/v7e-m+fp/hard/libc_nano.a(libc_a-nano-vfprintf.o)
 .text.__sfputs_r
                0x0800510e       0x24 /opt/st/stm32cubeide_2.0.0/plugins/com.st.stm32cube.ide.mcu.externaltools.gnu-tools-for-stm32.13.3.rel1.linux64_1.0.100.202509120712/tools/bin/../lib/gcc/arm-none-eabi/13.3.1/../../../../arm-none-eabi/lib/thumb/v7e-m+fp/hard/libc_nano.a(libc_a-nano-vfprintf.o)
                0x0800510e                __sfputs_r
 *fill*         0x08005132        0x2 
 .text._vfprintf_r
                0x08005134      0x230 /opt/st/stm32cubeide_2.0.0/plugins/com.st.stm32cube.ide.mcu.externaltools.gnu-tools-for-stm32.13.3.rel1.linux64_1.0.100.202509120712/tools/bin/../lib/gcc/arm-none-eabi/13.3.1/../../../../arm-none-eabi/lib/thumb/v7e-m+fp/hard/libc_nano.a(libc_a-nano-vfprintf.o)
                0x08005134                _vfiprintf_r
                0x08005134                _vfprintf_r
 .text._printf_common
                0x08005364       0xda /opt/st/stm32cubeide_2.0.0/plugins/com.st.stm32cube.ide.mcu.externaltools.gnu-tools-for-stm32.13.3.rel1.linux64_1.0.100.202509120712/tools/bin/../lib/gcc/arm-none-eabi/13.3.1/../../../../arm-none-eabi/lib/thumb/v7e-m+fp/hard/libc_nano.a(libc_a-nano-vfprintf_i.o)
                0x08005364                _printf_common
 *fill*         0x0800543e        0x2 
 .text._printf_i
                0x08005440      0x23c /opt/st/stm32cubeide_2.0.0/plugins/com.st.stm32cube.ide.mcu.externaltools.gnu-tools-for-stm32.13.3.rel1.linux64_1.0.100.202509120712/tools/bin/../lib/gcc/arm-none-eabi/13.3.1/../../../../arm-none-eabi/lib/thumb/v7e-m+fp/hard/libc_nano.a(libc_a-nano-vfprintf_i.o)
                0x08005440                _printf_i
 .text.__sflush_r
                0x0800567c      0x108 /opt/st/stm32cubeide_2.0.0/plugins/com.st.stm32cube.ide.mcu.externaltools.gnu-tools-for-stm32.13.3.rel1.linux64_1.0.100.202509120712/tools/bin/../lib/gcc/arm-none-eabi/13.3.1/../../../../arm-none-eabi/lib/thumb/v7e-m+fp/hard/libc_nano.a(libc_a-fflush.o)
                0x0800567c                __sflush_r
 .text._fflush_r
                0x08005784       0x50 /opt/st/stm32cubeide_2.0.0/plugins/com.st.stm32cube.ide.mcu.externaltools.gnu-tools-for-stm32.13.3.rel1.linux64_1.0.100.202509120712/tools/bin/../lib/gcc/arm-none-eabi/13.3.1/../../../../arm-none-eabi/lib/thumb/v7e-m+fp/hard/libc_nano.a(libc_a-fflush.o)
                0x08005784                _fflush_r
 .text.__swhatbuf_r
                0x080057d4       0x4c /opt/st/stm32cubeide_2.0.0/plugins/com.st.stm32cube.ide.mcu.externaltools.gnu-tools-for-stm32.13.3.rel1.linux64_1.0.100.202509120712/tools/bin/../lib/gcc/arm-none-eabi/13.3.1/../../../../arm-none-eabi/lib/thumb/v7e-m+fp/hard/libc_nano.a(libc_a-makebuf.o)
                0x080057d4                __swhatbuf_r
 .text.__smakebuf_r
                0x08005820       0x78 /opt/st/stm32cubeide_2.0.0/plugins/com.st.stm32cube.ide.mcu.externaltools.gnu-tools-for-stm32.13.3.rel1.linux64_1.0.100.202509120712/tools/bin/../lib/gcc/arm-none-eabi/13.3.1/../../../../arm-none-eabi/lib/thumb/v7e-m+fp/hard/libc_nano.a(libc_a-makebuf.o)
                0x08005820                __smakebuf_r
 .text.memmove  0x08005898       0x34 /opt/st/stm32cubeide_2.0.0/plugins/com.st.stm32cube.ide.mcu.externaltools.gnu-tools-for-stm32.13.3.rel1.linux64_1.0.100.202509120712/tools/bin/../lib/gcc/arm-none-eabi/13.3.1/../../../../arm-none-eabi/lib/thumb/v7e-m+fp/hard/libc_nano.a(libc_a-memmove.o)
                0x08005898                memmove
 .text._fstat_r
                0x080058cc       0x24 /opt/st/stm32cubeide_2.0.0/plugins/com.st.stm32cube.ide.mcu.externaltools.gnu-tools-for-stm32.13.3.rel1.linux64_1.0.100.202509120712/tools/bin/../lib/gcc/arm-none-eabi/13.3.1/../../../../arm-none-eabi/lib/thumb/v7e-m+fp/hard/libc_nano.a(libc_a-fstatr.o)
                0x080058cc                _fstat_r
 .text._isatty_r
                0x080058f0       0x20 /opt/st/stm32cubeide_2.0.0/plugins/com.st.stm32cube.ide.mcu.externaltools.gnu-tools-for-stm32.13.3.rel1.linux64_1.0.100.202509120712/tools/bin/../lib/gcc/arm-none-eabi/13.3.1/../../../../arm-none-eabi/lib/thumb/v7e-m+fp/hard/libc_nano.a(libc_a-isattyr.o)
                0x080058f0                _isatty_r
 .text._sbrk_r  0x08005910       0x20 /opt/st/stm32cubeide_2.0.0/plugins/com.st.stm32cube.ide.mcu.externaltools.gnu-tools-for-stm32.13.3.rel1.linux64_1.0.100.202509120712/tools/bin/../lib/gcc/arm-none-eabi/13.3.1/../../../../arm-none-eabi/lib/thumb/v7e-m+fp/hard/libc_nano.a(libc_a-sbrkr.o)
                0x08005910                _sbrk_r
 .text.memcpy   0x08005930       0x1c /opt/st/stm32cubeide_2.0.0/plugins/com.st.stm32cube.ide.mcu.externaltools.gnu-tools-for-stm32.13.3.rel1.linux64_1.0.100.202509120712/tools/bin/../lib/gcc/arm-none-eabi/13.3.1/../../../../arm-none-eabi/lib/thumb/v7e-m+fp/hard/libc_nano.a(libc_a-memcpy-stub.o)
                0x08005930                memcpy
 .text._realloc_r
                0x0800594c       0x5c /opt/st/stm32cubeide_2.0.0/plugins/com.st.stm32cube.ide.mcu.externaltools.gnu-tools-for-stm32.13.3.rel1.linux64_1.0.100.202509120712/tools/bin/../lib/gcc/arm-none-eabi/13.3.1/../../../../arm-none-eabi/lib/thumb/v7e-m+fp/hard/libc_nano.a(libc_a-reallocr.o)
                0x0800594c                _realloc_r
 .text._malloc_usable_size_r
                0x080059a8       0x10 /opt/st/stm32cubeide_2.0.0/plugins/com.st.stm32cube.ide.mcu.externaltools.gnu-tools-for-stm32.13.3.rel1.linux64_1.0.100.202509120712/tools/bin/../lib/gcc/arm-none-eabi/13.3.1/../../../../arm-none-eabi/lib/thumb/v7e-m+fp/hard/libc_nano.a(libc_a-msizer.o)
                0x080059a8                _malloc_usable_size_r
 *(.glue_7)
 .glue_7        0x080059b8        0x0 linker stubs
 *(.glue_7t)
 .glue_7t       0x080059b8        0x0 linker stubs
 *(.eh_frame)
 .eh_frame      0x080059b8        0x0 /opt/st/stm32cubeide_2.0.0/plugins/com.st.stm32cube.ide.mcu.externaltools.gnu-tools-for-stm32.13.3.rel1.linux64_1.0.100.202509120712/tools/bin/../lib/gcc/arm-none-eabi/13.3.1/thumb/v7e-m+fp/hard/crtbegin.o
 *(.init)
 .init          0x080059b8        0x4 /opt/st/stm32cubeide_2.0.0/plugins/com.st.stm32cube.ide.mcu.externaltools.gnu-tools-for-stm32.13.3.rel1.linux64_1.0.100.202509120712/tools/bin/../lib/gcc/arm-none-eabi/13.3.1/thumb/v7e-m+fp/hard/crti.o
                0x080059b8                _init
 .init          0x080059bc        0x8 /opt/st/stm32cubeide_2.0.0/plugins/com.st.stm32cube.ide.mcu.externaltools.gnu-tools-for-stm32.13.3.rel1.linux64_1.0.100.202509120712/tools/bin/../lib/gcc/arm-none-eabi/13.3.1/thumb/v7e-m+fp/hard/crtn.o
 *(.fini)
 .fini          0x080059c4        0x4 /opt/st/stm32cubeide_2.0.0/plugins/com.st.stm32cube.ide.mcu.externaltools.gnu-tools-for-stm32.13.3.rel1.linux64_1.0.100.202509120712/tools/bin/../lib/gcc/arm-none-eabi/13.3.1/thumb/v7e-m+fp/hard/crti.o
                0x080059c4                _fini
 .fini          0x080059c8        0x8 /opt/st/stm32cubeide_2.0.0/plugins/com.st.stm32cube.ide.mcu.externaltools.gnu-tools-for-stm32.13.3.rel1.linux64_1.0.100.202509120712/tools/bin/../lib/gcc/arm-none-eabi/13.3.1/thumb/v7e-m+fp/hard/crtn.o
                0x080059d0                        . = ALIGN (0x4)
                0x080059d0                        _etext = .

.vfp11_veneer   0x080059d0        0x0
 .vfp11_veneer  0x080059d0        0x0 linker stubs

.v4_bx          0x080059d0        0x0
 .v4_bx         0x080059d0        0x0 linker stubs

.iplt           0x080059d0        0x0
 .iplt          0x080059d0        0x0 /opt/st/stm32cubeide_2.0.0/plugins/com.st.stm32cube.ide.mcu.externaltools.gnu-tools-for-stm32.13.3.rel1.linux64_1.0.100.202509120712/tools/bin/../lib/gcc/arm-none-eabi/13.3.1/thumb/v7e-m+fp/hard/crtbegin.o

.rodata         0x080059d0      0x144
                0x080059d0                        . = ALIGN (0x4)
 *(.rodata)
 .rodata        0x080059d0       0x9c ./Core/Src/dht11.o
 .rodata        0x08005a6c       0x28 ./Core/Src/photo.o
 *(.rodata*)
 .rodata.FND_NUM
                0x08005a94        0xa ./Core/Src/elevator.o
                0x08005a94                FND_NUM
 *fill*         0x08005a9e        0x2 
 .rodata.STEP_SEQ
                0x08005aa0       0x10 ./Core/Src/elevator.o
                0x08005aa0                STEP_SEQ
 .rodata.photoCfg
                0x08005ab0       0x18 ./Core/Src/main.o
                0x08005ab0                photoCfg
 .rodata.AHBPrescTable
                0x08005ac8       0x10 ./Core/Src/system_stm32f4xx.o
                0x08005ac8                AHBPrescTable
 .rodata.APBPrescTable
                0x08005ad8        0x8 ./Core/Src/system_stm32f4xx.o
                0x08005ad8                APBPrescTable
 .rodata._svfprintf_r.str1.1
                0x08005ae0       0x33 /opt/st/stm32cubeide_2.0.0/plugins/com.st.stm32cube.ide.mcu.externaltools.gnu-tools-for-stm32.13.3.rel1.linux64_1.0.100.202509120712/tools/bin/../lib/gcc/arm-none-eabi/13.3.1/../../../../arm-none-eabi/lib/thumb/v7e-m+fp/hard/libc_nano.a(libc_a-nano-svfprintf.o)
                                 0x11 (size before relaxing)
 .rodata._vfprintf_r.str1.1
                0x08005b13        0x0 /opt/st/stm32cubeide_2.0.0/plugins/com.st.stm32cube.ide.mcu.externaltools.gnu-tools-for-stm32.13.3.rel1.linux64_1.0.100.202509120712/tools/bin/../lib/gcc/arm-none-eabi/13.3.1/../../../../arm-none-eabi/lib/thumb/v7e-m+fp/hard/libc_nano.a(libc_a-nano-vfprintf.o)
                                 0x11 (size before relaxing)
 .rodata._printf_i.str1.1
                0x08005b13        0x0 /opt/st/stm32cubeide_2.0.0/plugins/com.st.stm32cube.ide.mcu.externaltools.gnu-tools-for-stm32.13.3.rel1.linux64_1.0.100.202509120712/tools/bin/../lib/gcc/arm-none-eabi/13.3.1/../../../../arm-none-eabi/lib/thumb/v7e-m+fp/hard/libc_nano.a(libc_a-nano-vfprintf_i.o)
                                 0x22 (size before relaxing)
                0x08005b14                        . = ALIGN (0x4)
 *fill*         0x08005b13        0x1 

.ARM.extab      0x08005b14        0x0
                0x08005b14                        . = ALIGN (0x4)
 *(.ARM.extab* .gnu.linkonce.armextab.*)
                0x08005b14                        . = ALIGN (0x4)

.ARM            0x08005b14        0x8
                0x08005b14                        . = ALIGN (0x4)
                0x08005b14                        __exidx_start = .
 *(.ARM.exidx*)
 .ARM.exidx     0x08005b14        0x8 /opt/st/stm32cubeide_2.0.0/plugins/com.st.stm32cube.ide.mcu.externaltools.gnu-tools-for-stm32.13.3.rel1.linux64_1.0.100.202509120712/tools/bin/../lib/gcc/arm-none-eabi/13.3.1/../../../../arm-none-eabi/lib/thumb/v7e-m+fp/hard/libc_nano.a(libc_a-strlen.o)
 .ARM.exidx     0x08005b1c        0x0 /opt/st/stm32cubeide_2.0.0/plugins/com.st.stm32cube.ide.mcu.externaltools.gnu-tools-for-stm32.13.3.rel1.linux64_1.0.100.202509120712/tools/bin/../lib/gcc/arm-none-eabi/13.3.1/../../../../arm-none-eabi/lib/thumb/v7e-m+fp/hard/libc_nano.a(libc_a-memchr.o)
                                  0x8 (size before relaxing)
 .ARM.exidx     0x08005b1c        0x0 /opt/st/stm32cubeide_2.0.0/plugins/com.st.stm32cube.ide.mcu.externaltools.gnu-tools-for-stm32.13.3.rel1.linux64_1.0.100.202509120712/tools/bin/../lib/gcc/arm-none-eabi/13.3.1/thumb/v7e-m+fp/hard/libgcc.a(_udivmoddi4.o)
                                  0x8 (size before relaxing)
                0x08005b1c                        __exidx_end = .
                0x08005b1c                        . = ALIGN (0x4)

.preinit_array  0x08005b1c        0x0
                0x08005b1c                        . = ALIGN (0x4)
                0x08005b1c                        PROVIDE (__preinit_array_start = .)
 *(.preinit_array*)
                0x08005b1c                        PROVIDE (__preinit_array_end = .)
                0x08005b1c                        . = ALIGN (0x4)

.init_array     0x08005b1c        0x4
                0x08005b1c                        . = ALIGN (0x4)
                0x08005b1c                        PROVIDE (__init_array_start = .)
 *(SORT_BY_NAME(.init_array.*))
 *(.init_array*)
 .init_array    0x08005b1c        0x4 /opt/st/stm32cubeide_2.0.0/plugins/com.st.stm32cube.ide.mcu.externaltools.gnu-tools-for-stm32.13.3.rel1.linux64_1.0.100.202509120712/tools/bin/../lib/gcc/arm-none-eabi/13.3.1/thumb/v7e-m+fp/hard/crtbegin.o
                0x08005b20                        PROVIDE (__init_array_end = .)
                0x08005b20                        . = ALIGN (0x4)

.fini_array     0x08005b20        0x4
                0x08005b20                        . = ALIGN (0x4)
                [!provide]                        PROVIDE (__fini_array_start = .)
 *(SORT_BY_NAME(.fini_array.*))
 *(.fini_array*)
 .fini_array    0x08005b20        0x4 /opt/st/stm32cubeide_2.0.0/plugins/com.st.stm32cube.ide.mcu.externaltools.gnu-tools-for-stm32.13.3.rel1.linux64_1.0.100.202509120712/tools/bin/../lib/gcc/arm-none-eabi/13.3.1/thumb/v7e-m+fp/hard/crtbegin.o
                [!provide]                        PROVIDE (__fini_array_end = .)
                0x08005b24                        . = ALIGN (0x4)
                0x08005b24                        _sidata = LOADADDR (.data)

.rel.dyn        0x08005b24        0x0
 .rel.iplt      0x08005b24        0x0 /opt/st/stm32cubeide_2.0.0/plugins/com.st.stm32cube.ide.mcu.externaltools.gnu-tools-for-stm32.13.3.rel1.linux64_1.0.100.202509120712/tools/bin/../lib/gcc/arm-none-eabi/13.3.1/thumb/v7e-m+fp/hard/crtbegin.o

.data           0x20000000       0xf8 load address 0x08005b24
                0x20000000                        . = ALIGN (0x4)
                0x20000000                        _sdata = .
 *(.data)
 *(.data*)
 .data.STEP_PORT
                0x20000000       0x10 ./Core/Src/elevator.o
                0x20000000                STEP_PORT
 .data.STEP_PIN
                0x20000010        0x8 ./Core/Src/elevator.o
                0x20000010                STEP_PIN
 .data.BAR_PORT
                0x20000018       0x20 ./Core/Src/elevator.o
                0x20000018                BAR_PORT
 .data.BAR_PIN  0x20000038       0x10 ./Core/Src/elevator.o
                0x20000038                BAR_PIN
 .data.FND_PORT
                0x20000048       0x1c ./Core/Src/elevator.o
                0x20000048                FND_PORT
 .data.FND_PIN  0x20000064        0xe ./Core/Src/elevator.o
                0x20000064                FND_PIN
 *fill*         0x20000072        0x2 
 .data.BTN_PORT
                0x20000074        0xc ./Core/Src/elevator.o
                0x20000074                BTN_PORT
 .data.BTN_PIN  0x20000080        0x6 ./Core/Src/elevator.o
                0x20000080                BTN_PIN
 *fill*         0x20000086        0x2 
 .data.currentFloor
                0x20000088        0x4 ./Core/Src/elevator.o
                0x20000088                currentFloor
 .data.targetFloor
                0x2000008c        0x4 ./Core/Src/elevator.o
                0x2000008c                targetFloor
 .data.SystemCoreClock
                0x20000090        0x4 ./Core/Src/system_stm32f4xx.o
                0x20000090                SystemCoreClock
 .data.uwTickPrio
                0x20000094        0x4 ./Drivers/STM32F4xx_HAL_Driver/Src/stm32f4xx_hal.o
                0x20000094                uwTickPrio
 .data.uwTickFreq
                0x20000098        0x1 ./Drivers/STM32F4xx_HAL_Driver/Src/stm32f4xx_hal.o
                0x20000098                uwTickFreq
 *fill*         0x20000099        0x3 
 .data.__sglue  0x2000009c        0xc /opt/st/stm32cubeide_2.0.0/plugins/com.st.stm32cube.ide.mcu.externaltools.gnu-tools-for-stm32.13.3.rel1.linux64_1.0.100.202509120712/tools/bin/../lib/gcc/arm-none-eabi/13.3.1/../../../../arm-none-eabi/lib/thumb/v7e-m+fp/hard/libc_nano.a(libc_a-findfp.o)
                0x2000009c                __sglue
 .data._impure_ptr
                0x200000a8        0x4 /opt/st/stm32cubeide_2.0.0/plugins/com.st.stm32cube.ide.mcu.externaltools.gnu-tools-for-stm32.13.3.rel1.linux64_1.0.100.202509120712/tools/bin/../lib/gcc/arm-none-eabi/13.3.1/../../../../arm-none-eabi/lib/thumb/v7e-m+fp/hard/libc_nano.a(libc_a-impure.o)
                0x200000a8                _impure_ptr
 .data._impure_data
                0x200000ac       0x4c /opt/st/stm32cubeide_2.0.0/plugins/com.st.stm32cube.ide.mcu.externaltools.gnu-tools-for-stm32.13.3.rel1.linux64_1.0.100.202509120712/tools/bin/../lib/gcc/arm-none-eabi/13.3.1/../../../../arm-none-eabi/lib/thumb/v7e-m+fp/hard/libc_nano.a(libc_a-impure.o)
                0x200000ac                _impure_data
 *(.RamFunc)
 *(.RamFunc*)
                0x200000f8                        . = ALIGN (0x4)
                0x200000f8                        _edata = .

.igot.plt       0x200000f8        0x0 load address 0x08005c1c
 .igot.plt      0x200000f8        0x0 /opt/st/stm32cubeide_2.0.0/plugins/com.st.stm32cube.ide.mcu.externaltools.gnu-tools-for-stm32.13.3.rel1.linux64_1.0.100.202509120712/tools/bin/../lib/gcc/arm-none-eabi/13.3.1/thumb/v7e-m+fp/hard/crtbegin.o
                0x200000f8                        . = ALIGN (0x4)

.bss            0x200000f8      0x334 load address 0x08005c1c
                0x200000f8                        _sbss = .
                0x200000f8                        __bss_start__ = _sbss
 *(.bss)
 .bss           0x200000f8       0x1c /opt/st/stm32cubeide_2.0.0/plugins/com.st.stm32cube.ide.mcu.externaltools.gnu-tools-for-stm32.13.3.rel1.linux64_1.0.100.202509120712/tools/bin/../lib/gcc/arm-none-eabi/13.3.1/thumb/v7e-m+fp/hard/crtbegin.o
 *(.bss*)
 .bss.currentState
                0x20000114        0x1 ./Core/Src/elevator.o
                0x20000114                currentState
 *fill*         0x20000115        0x3 
 .bss.lastMotorTime
                0x20000118        0x4 ./Core/Src/elevator.o
                0x20000118                lastMotorTime
 .bss.lastBarTime
                0x2000011c        0x4 ./Core/Src/elevator.o
                0x2000011c                lastBarTime
 .bss.stepIdx   0x20000120        0x4 ./Core/Src/elevator.o
                0x20000120                stepIdx
 .bss.barIdx    0x20000124        0x4 ./Core/Src/elevator.o
                0x20000124                barIdx
 .bss.lastBlinkTime
                0x20000128        0x4 ./Core/Src/elevator.o
                0x20000128                lastBlinkTime
 .bss.blinkToggleCount
                0x2000012c        0x1 ./Core/Src/elevator.o
                0x2000012c                blinkToggleCount
 .bss.blinkOn   0x2000012d        0x1 ./Core/Src/elevator.o
                0x2000012d                blinkOn
 *fill*         0x2000012e        0x2 
 .bss.hi2c1     0x20000130       0x54 ./Core/Src/i2c.o
                0x20000130                hi2c1
 .bss.photo     0x20000184       0x2c ./Core/Src/main.o
                0x20000184                photo
 .bss.dht       0x200001b0        0x8 ./Core/Src/photo.o
                0x200001b0                dht
 .bss.__sbrk_heap_end
                0x200001b8        0x4 ./Core/Src/sysmem.o
 .bss.htim3     0x200001bc       0x48 ./Core/Src/tim.o
                0x200001bc                htim3
 .bss.htim10    0x20000204       0x48 ./Core/Src/tim.o
                0x20000204                htim10
 .bss.htim11    0x2000024c       0x48 ./Core/Src/tim.o
                0x2000024c                htim11
 .bss.huart2    0x20000294       0x48 ./Core/Src/usart.o
                0x20000294                huart2
 .bss.uwTick    0x200002dc        0x4 ./Drivers/STM32F4xx_HAL_Driver/Src/stm32f4xx_hal.o
                0x200002dc                uwTick
 .bss.__sf      0x200002e0      0x138 /opt/st/stm32cubeide_2.0.0/plugins/com.st.stm32cube.ide.mcu.externaltools.gnu-tools-for-stm32.13.3.rel1.linux64_1.0.100.202509120712/tools/bin/../lib/gcc/arm-none-eabi/13.3.1/../../../../arm-none-eabi/lib/thumb/v7e-m+fp/hard/libc_nano.a(libc_a-findfp.o)
                0x200002e0                __sf
 .bss.__stdio_exit_handler
                0x20000418        0x4 /opt/st/stm32cubeide_2.0.0/plugins/com.st.stm32cube.ide.mcu.externaltools.gnu-tools-for-stm32.13.3.rel1.linux64_1.0.100.202509120712/tools/bin/../lib/gcc/arm-none-eabi/13.3.1/../../../../arm-none-eabi/lib/thumb/v7e-m+fp/hard/libc_nano.a(libc_a-findfp.o)
                0x20000418                __stdio_exit_handler
 .bss.errno     0x2000041c        0x4 /opt/st/stm32cubeide_2.0.0/plugins/com.st.stm32cube.ide.mcu.externaltools.gnu-tools-for-stm32.13.3.rel1.linux64_1.0.100.202509120712/tools/bin/../lib/gcc/arm-none-eabi/13.3.1/../../../../arm-none-eabi/lib/thumb/v7e-m+fp/hard/libc_nano.a(libc_a-reent.o)
                0x2000041c                errno
 .bss.__lock___malloc_recursive_mutex
                0x20000420        0x1 /opt/st/stm32cubeide_2.0.0/plugins/com.st.stm32cube.ide.mcu.externaltools.gnu-tools-for-stm32.13.3.rel1.linux64_1.0.100.202509120712/tools/bin/../lib/gcc/arm-none-eabi/13.3.1/../../../../arm-none-eabi/lib/thumb/v7e-m+fp/hard/libc_nano.a(libc_a-lock.o)
                0x20000420                __lock___malloc_recursive_mutex
 .bss.__lock___sfp_recursive_mutex
                0x20000421        0x1 /opt/st/stm32cubeide_2.0.0/plugins/com.st.stm32cube.ide.mcu.externaltools.gnu-tools-for-stm32.13.3.rel1.linux64_1.0.100.202509120712/tools/bin/../lib/gcc/arm-none-eabi/13.3.1/../../../../arm-none-eabi/lib/thumb/v7e-m+fp/hard/libc_nano.a(libc_a-lock.o)
                0x20000421                __lock___sfp_recursive_mutex
 *fill*         0x20000422        0x2 
 .bss.__malloc_sbrk_start
                0x20000424        0x4 /opt/st/stm32cubeide_2.0.0/plugins/com.st.stm32cube.ide.mcu.externaltools.gnu-tools-for-stm32.13.3.rel1.linux64_1.0.100.202509120712/tools/bin/../lib/gcc/arm-none-eabi/13.3.1/../../../../arm-none-eabi/lib/thumb/v7e-m+fp/hard/libc_nano.a(libc_a-mallocr.o)
                0x20000424                __malloc_sbrk_start
 .bss.__malloc_free_list
                0x20000428        0x4 /opt/st/stm32cubeide_2.0.0/plugins/com.st.stm32cube.ide.mcu.externaltools.gnu-tools-for-stm32.13.3.rel1.linux64_1.0.100.202509120712/tools/bin/../lib/gcc/arm-none-eabi/13.3.1/../../../../arm-none-eabi/lib/thumb/v7e-m+fp/hard/libc_nano.a(libc_a-mallocr.o)
                0x20000428                __malloc_free_list
 *(COMMON)
                0x2000042c                        . = ALIGN (0x4)
                0x2000042c                        _ebss = .
                0x2000042c                        __bss_end__ = _ebss

._user_heap_stack
                0x2000042c      0x604 load address 0x08005c1c
                0x20000430                        . = ALIGN (0x8)
 *fill*         0x2000042c        0x4 
                [!provide]                        PROVIDE (end = .)
                0x20000430                        PROVIDE (_end = .)
                0x20000630                        . = (. + _Min_Heap_Size)
 *fill*         0x20000430      0x200 
                0x20000a30                        . = (. + _Min_Stack_Size)
 *fill*         0x20000630      0x400 
                0x20000a30                        . = ALIGN (0x8)

/DISCARD/
 libc.a(*)
 libm.a(*)
 libgcc.a(*)

.ARM.attributes
                0x00000000       0x30
 *(.ARM.attributes)
 .ARM.attributes
                0x00000000       0x22 /opt/st/stm32cubeide_2.0.0/plugins/com.st.stm32cube.ide.mcu.externaltools.gnu-tools-for-stm32.13.3.rel1.linux64_1.0.100.202509120712/tools/bin/../lib/gcc/arm-none-eabi/13.3.1/thumb/v7e-m+fp/hard/crti.o
 .ARM.attributes
                0x00000022       0x34 /opt/st/stm32cubeide_2.0.0/plugins/com.st.stm32cube.ide.mcu.externaltools.gnu-tools-for-stm32.13.3.rel1.linux64_1.0.100.202509120712/tools/bin/../lib/gcc/arm-none-eabi/13.3.1/thumb/v7e-m+fp/hard/crtbegin.o
 .ARM.attributes
                0x00000056       0x34 ./Core/Src/I2C_LCD.o
 .ARM.attributes
                0x0000008a       0x34 ./Core/Src/delay.o
 .ARM.attributes
                0x000000be       0x34 ./Core/Src/dht11.o
 .ARM.attributes
                0x000000f2       0x34 ./Core/Src/elevator.o
 .ARM.attributes
                0x00000126       0x34 ./Core/Src/gpio.o
 .ARM.attributes
                0x0000015a       0x34 ./Core/Src/i2c.o
 .ARM.attributes
                0x0000018e       0x34 ./Core/Src/main.o
 .ARM.attributes
                0x000001c2       0x34 ./Core/Src/photo.o
 .ARM.attributes
                0x000001f6       0x34 ./Core/Src/stm32f4xx_hal_msp.o
 .ARM.attributes
                0x0000022a       0x34 ./Core/Src/stm32f4xx_it.o
 .ARM.attributes
                0x0000025e       0x34 ./Core/Src/syscalls.o
 .ARM.attributes
                0x00000292       0x34 ./Core/Src/sysmem.o
 .ARM.attributes
                0x000002c6       0x34 ./Core/Src/system_stm32f4xx.o
 .ARM.attributes
                0x000002fa       0x34 ./Core/Src/tim.o
 .ARM.attributes
                0x0000032e       0x34 ./Core/Src/usart.o
 .ARM.attributes
                0x00000362       0x21 ./Core/Startup/startup_stm32f411retx.o
 .ARM.attributes
                0x00000383       0x34 ./Drivers/STM32F4xx_HAL_Driver/Src/stm32f4xx_hal.o
 .ARM.attributes
                0x000003b7       0x34 ./Drivers/STM32F4xx_HAL_Driver/Src/stm32f4xx_hal_cortex.o
 .ARM.attributes
                0x000003eb       0x34 ./Drivers/STM32F4xx_HAL_Driver/Src/stm32f4xx_hal_gpio.o
 .ARM.attributes
                0x0000041f       0x34 ./Drivers/STM32F4xx_HAL_Driver/Src/stm32f4xx_hal_i2c.o
 .ARM.attributes
                0x00000453       0x34 ./Drivers/STM32F4xx_HAL_Driver/Src/stm32f4xx_hal_rcc.o
 .ARM.attributes
                0x00000487       0x34 ./Drivers/STM32F4xx_HAL_Driver/Src/stm32f4xx_hal_tim.o
 .ARM.attributes
                0x000004bb       0x34 ./Drivers/STM32F4xx_HAL_Driver/Src/stm32f4xx_hal_tim_ex.o
 .ARM.attributes
                0x000004ef       0x34 ./Drivers/STM32F4xx_HAL_Driver/Src/stm32f4xx_hal_uart.o
 .ARM.attributes
                0x00000523       0x34 /opt/st/stm32cubeide_2.0.0/plugins/com.st.stm32cube.ide.mcu.externaltools.gnu-tools-for-stm32.13.3.rel1.linux64_1.0.100.202509120712/tools/bin/../lib/gcc/arm-none-eabi/13.3.1/../../../../arm-none-eabi/lib/thumb/v7e-m+fp/hard/libc_nano.a(libc_a-findfp.o)
 .ARM.attributes
                0x00000557       0x34 /opt/st/stm32cubeide_2.0.0/plugins/com.st.stm32cube.ide.mcu.externaltools.gnu-tools-for-stm32.13.3.rel1.linux64_1.0.100.202509120712/tools/bin/../lib/gcc/arm-none-eabi/13.3.1/../../../../arm-none-eabi/lib/thumb/v7e-m+fp/hard/libc_nano.a(libc_a-fwalk.o)
 .ARM.attributes
                0x0000058b       0x34 /opt/st/stm32cubeide_2.0.0/plugins/com.st.stm32cube.ide.mcu.externaltools.gnu-tools-for-stm32.13.3.rel1.linux64_1.0.100.202509120712/tools/bin/../lib/gcc/arm-none-eabi/13.3.1/../../../../arm-none-eabi/lib/thumb/v7e-m+fp/hard/libc_nano.a(libc_a-printf.o)
 .ARM.attributes
                0x000005bf       0x34 /opt/st/stm32cubeide_2.0.0/plugins/com.st.stm32cube.ide.mcu.externaltools.gnu-tools-for-stm32.13.3.rel1.linux64_1.0.100.202509120712/tools/bin/../lib/gcc/arm-none-eabi/13.3.1/../../../../arm-none-eabi/lib/thumb/v7e-m+fp/hard/libc_nano.a(libc_a-puts.o)
 .ARM.attributes
                0x000005f3       0x34 /opt/st/stm32cubeide_2.0.0/plugins/com.st.stm32cube.ide.mcu.externaltools.gnu-tools-for-stm32.13.3.rel1.linux64_1.0.100.202509120712/tools/bin/../lib/gcc/arm-none-eabi/13.3.1/../../../../arm-none-eabi/lib/thumb/v7e-m+fp/hard/libc_nano.a(libc_a-snprintf.o)
 .ARM.attributes
                0x00000627       0x34 /opt/st/stm32cubeide_2.0.0/plugins/com.st.stm32cube.ide.mcu.externaltools.gnu-tools-for-stm32.13.3.rel1.linux64_1.0.100.202509120712/tools/bin/../lib/gcc/arm-none-eabi/13.3.1/../../../../arm-none-eabi/lib/thumb/v7e-m+fp/hard/libc_nano.a(libc_a-stdio.o)
 .ARM.attributes
                0x0000065b       0x34 /opt/st/stm32cubeide_2.0.0/plugins/com.st.stm32cube.ide.mcu.externaltools.gnu-tools-for-stm32.13.3.rel1.linux64_1.0.100.202509120712/tools/bin/../lib/gcc/arm-none-eabi/13.3.1/../../../../arm-none-eabi/lib/thumb/v7e-m+fp/hard/libc_nano.a(libc_a-wbuf.o)
 .ARM.attributes
                0x0000068f       0x34 /opt/st/stm32cubeide_2.0.0/plugins/com.st.stm32cube.ide.mcu.externaltools.gnu-tools-for-stm32.13.3.rel1.linux64_1.0.100.202509120712/tools/bin/../lib/gcc/arm-none-eabi/13.3.1/../../../../arm-none-eabi/lib/thumb/v7e-m+fp/hard/libc_nano.a(libc_a-wsetup.o)
 .ARM.attributes
                0x000006c3       0x34 /opt/st/stm32cubeide_2.0.0/plugins/com.st.stm32cube.ide.mcu.externaltools.gnu-tools-for-stm32.13.3.rel1.linux64_1.0.100.202509120712/tools/bin/../lib/gcc/arm-none-eabi/13.3.1/../../../../arm-none-eabi/lib/thumb/v7e-m+fp/hard/libc_nano.a(libc_a-memset.o)
 .ARM.attributes
                0x000006f7       0x34 /opt/st/stm32cubeide_2.0.0/plugins/com.st.stm32cube.ide.mcu.externaltools.gnu-tools-for-stm32.13.3.rel1.linux64_1.0.100.202509120712/tools/bin/../lib/gcc/arm-none-eabi/13.3.1/../../../../arm-none-eabi/lib/thumb/v7e-m+fp/hard/libc_nano.a(libc_a-closer.o)
 .ARM.attributes
                0x0000072b       0x34 /opt/st/stm32cubeide_2.0.0/plugins/com.st.stm32cube.ide.mcu.externaltools.gnu-tools-for-stm32.13.3.rel1.linux64_1.0.100.202509120712/tools/bin/../lib/gcc/arm-none-eabi/13.3.1/../../../../arm-none-eabi/lib/thumb/v7e-m+fp/hard/libc_nano.a(libc_a-reent.o)
 .ARM.attributes
                0x0000075f       0x34 /opt/st/stm32cubeide_2.0.0/plugins/com.st.stm32cube.ide.mcu.externaltools.gnu-tools-for-stm32.13.3.rel1.linux64_1.0.100.202509120712/tools/bin/../lib/gcc/arm-none-eabi/13.3.1/../../../../arm-none-eabi/lib/thumb/v7e-m+fp/hard/libc_nano.a(libc_a-impure.o)
 .ARM.attributes
                0x00000793       0x34 /opt/st/stm32cubeide_2.0.0/plugins/com.st.stm32cube.ide.mcu.externaltools.gnu-tools-for-stm32.13.3.rel1.linux64_1.0.100.202509120712/tools/bin/../lib/gcc/arm-none-eabi/13.3.1/../../../../arm-none-eabi/lib/thumb/v7e-m+fp/hard/libc_nano.a(libc_a-lseekr.o)
 .ARM.attributes
                0x000007c7       0x34 /opt/st/stm32cubeide_2.0.0/plugins/com.st.stm32cube.ide.mcu.externaltools.gnu-tools-for-stm32.13.3.rel1.linux64_1.0.100.202509120712/tools/bin/../lib/gcc/arm-none-eabi/13.3.1/../../../../arm-none-eabi/lib/thumb/v7e-m+fp/hard/libc_nano.a(libc_a-readr.o)
 .ARM.attributes
                0x000007fb       0x34 /opt/st/stm32cubeide_2.0.0/plugins/com.st.stm32cube.ide.mcu.externaltools.gnu-tools-for-stm32.13.3.rel1.linux64_1.0.100.202509120712/tools/bin/../lib/gcc/arm-none-eabi/13.3.1/../../../../arm-none-eabi/lib/thumb/v7e-m+fp/hard/libc_nano.a(libc_a-writer.o)
 .ARM.attributes
                0x0000082f       0x34 /opt/st/stm32cubeide_2.0.0/plugins/com.st.stm32cube.ide.mcu.externaltools.gnu-tools-for-stm32.13.3.rel1.linux64_1.0.100.202509120712/tools/bin/../lib/gcc/arm-none-eabi/13.3.1/../../../../arm-none-eabi/lib/thumb/v7e-m+fp/hard/libc_nano.a(libc_a-errno.o)
 .ARM.attributes
                0x00000863       0x34 /opt/st/stm32cubeide_2.0.0/plugins/com.st.stm32cube.ide.mcu.externaltools.gnu-tools-for-stm32.13.3.rel1.linux64_1.0.100.202509120712/tools/bin/../lib/gcc/arm-none-eabi/13.3.1/../../../../arm-none-eabi/lib/thumb/v7e-m+fp/hard/libc_nano.a(libc_a-init.o)
 .ARM.attributes
                0x00000897       0x34 /opt/st/stm32cubeide_2.0.0/plugins/com.st.stm32cube.ide.mcu.externaltools.gnu-tools-for-stm32.13.3.rel1.linux64_1.0.100.202509120712/tools/bin/../lib/gcc/arm-none-eabi/13.3.1/../../../../arm-none-eabi/lib/thumb/v7e-m+fp/hard/libc_nano.a(libc_a-lock.o)
 .ARM.attributes
                0x000008cb       0x17 /opt/st/stm32cubeide_2.0.0/plugins/com.st.stm32cube.ide.mcu.externaltools.gnu-tools-for-stm32.13.3.rel1.linux64_1.0.100.202509120712/tools/bin/../lib/gcc/arm-none-eabi/13.3.1/../../../../arm-none-eabi/lib/thumb/v7e-m+fp/hard/libc_nano.a(libc_a-strlen.o)
 .ARM.attributes
                0x000008e2       0x34 /opt/st/stm32cubeide_2.0.0/plugins/com.st.stm32cube.ide.mcu.externaltools.gnu-tools-for-stm32.13.3.rel1.linux64_1.0.100.202509120712/tools/bin/../lib/gcc/arm-none-eabi/13.3.1/../../../../arm-none-eabi/lib/thumb/v7e-m+fp/hard/libc_nano.a(libc_a-freer.o)
 .ARM.attributes
                0x00000916       0x34 /opt/st/stm32cubeide_2.0.0/plugins/com.st.stm32cube.ide.mcu.externaltools.gnu-tools-for-stm32.13.3.rel1.linux64_1.0.100.202509120712/tools/bin/../lib/gcc/arm-none-eabi/13.3.1/../../../../arm-none-eabi/lib/thumb/v7e-m+fp/hard/libc_nano.a(libc_a-mallocr.o)
 .ARM.attributes
                0x0000094a       0x34 /opt/st/stm32cubeide_2.0.0/plugins/com.st.stm32cube.ide.mcu.externaltools.gnu-tools-for-stm32.13.3.rel1.linux64_1.0.100.202509120712/tools/bin/../lib/gcc/arm-none-eabi/13.3.1/../../../../arm-none-eabi/lib/thumb/v7e-m+fp/hard/libc_nano.a(libc_a-mlock.o)
 .ARM.attributes
                0x0000097e       0x34 /opt/st/stm32cubeide_2.0.0/plugins/com.st.stm32cube.ide.mcu.externaltools.gnu-tools-for-stm32.13.3.rel1.linux64_1.0.100.202509120712/tools/bin/../lib/gcc/arm-none-eabi/13.3.1/../../../../arm-none-eabi/lib/thumb/v7e-m+fp/hard/libc_nano.a(libc_a-nano-svfprintf.o)
 .ARM.attributes
                0x000009b2       0x34 /opt/st/stm32cubeide_2.0.0/plugins/com.st.stm32cube.ide.mcu.externaltools.gnu-tools-for-stm32.13.3.rel1.linux64_1.0.100.202509120712/tools/bin/../lib/gcc/arm-none-eabi/13.3.1/../../../../arm-none-eabi/lib/thumb/v7e-m+fp/hard/libc_nano.a(libc_a-nano-vfprintf.o)
 .ARM.attributes
                0x000009e6       0x34 /opt/st/stm32cubeide_2.0.0/plugins/com.st.stm32cube.ide.mcu.externaltools.gnu-tools-for-stm32.13.3.rel1.linux64_1.0.100.202509120712/tools/bin/../lib/gcc/arm-none-eabi/13.3.1/../../../../arm-none-eabi/lib/thumb/v7e-m+fp/hard/libc_nano.a(libc_a-nano-vfprintf_i.o)
 .ARM.attributes
                0x00000a1a       0x34 /opt/st/stm32cubeide_2.0.0/plugins/com.st.stm32cube.ide.mcu.externaltools.gnu-tools-for-stm32.13.3.rel1.linux64_1.0.100.202509120712/tools/bin/../lib/gcc/arm-none-eabi/13.3.1/../../../../arm-none-eabi/lib/thumb/v7e-m+fp/hard/libc_nano.a(libc_a-fflush.o)
 .ARM.attributes
                0x00000a4e       0x34 /opt/st/stm32cubeide_2.0.0/plugins/com.st.stm32cube.ide.mcu.externaltools.gnu-tools-for-stm32.13.3.rel1.linux64_1.0.100.202509120712/tools/bin/../lib/gcc/arm-none-eabi/13.3.1/../../../../arm-none-eabi/lib/thumb/v7e-m+fp/hard/libc_nano.a(libc_a-makebuf.o)
 .ARM.attributes
                0x00000a82       0x34 /opt/st/stm32cubeide_2.0.0/plugins/com.st.stm32cube.ide.mcu.externaltools.gnu-tools-for-stm32.13.3.rel1.linux64_1.0.100.202509120712/tools/bin/../lib/gcc/arm-none-eabi/13.3.1/../../../../arm-none-eabi/lib/thumb/v7e-m+fp/hard/libc_nano.a(libc_a-memmove.o)
 .ARM.attributes
                0x00000ab6       0x34 /opt/st/stm32cubeide_2.0.0/plugins/com.st.stm32cube.ide.mcu.externaltools.gnu-tools-for-stm32.13.3.rel1.linux64_1.0.100.202509120712/tools/bin/../lib/gcc/arm-none-eabi/13.3.1/../../../../arm-none-eabi/lib/thumb/v7e-m+fp/hard/libc_nano.a(libc_a-fstatr.o)
 .ARM.attributes
                0x00000aea       0x34 /opt/st/stm32cubeide_2.0.0/plugins/com.st.stm32cube.ide.mcu.externaltools.gnu-tools-for-stm32.13.3.rel1.linux64_1.0.100.202509120712/tools/bin/../lib/gcc/arm-none-eabi/13.3.1/../../../../arm-none-eabi/lib/thumb/v7e-m+fp/hard/libc_nano.a(libc_a-isattyr.o)
 .ARM.attributes
                0x00000b1e       0x34 /opt/st/stm32cubeide_2.0.0/plugins/com.st.stm32cube.ide.mcu.externaltools.gnu-tools-for-stm32.13.3.rel1.linux64_1.0.100.202509120712/tools/bin/../lib/gcc/arm-none-eabi/13.3.1/../../../../arm-none-eabi/lib/thumb/v7e-m+fp/hard/libc_nano.a(libc_a-sbrkr.o)
 .ARM.attributes
                0x00000b52       0x1c /opt/st/stm32cubeide_2.0.0/plugins/com.st.stm32cube.ide.mcu.externaltools.gnu-tools-for-stm32.13.3.rel1.linux64_1.0.100.202509120712/tools/bin/../lib/gcc/arm-none-eabi/13.3.1/../../../../arm-none-eabi/lib/thumb/v7e-m+fp/hard/libc_nano.a(libc_a-memchr.o)
 .ARM.attributes
                0x00000b6e       0x34 /opt/st/stm32cubeide_2.0.0/plugins/com.st.stm32cube.ide.mcu.externaltools.gnu-tools-for-stm32.13.3.rel1.linux64_1.0.100.202509120712/tools/bin/../lib/gcc/arm-none-eabi/13.3.1/../../../../arm-none-eabi/lib/thumb/v7e-m+fp/hard/libc_nano.a(libc_a-memcpy-stub.o)
 .ARM.attributes
                0x00000ba2       0x34 /opt/st/stm32cubeide_2.0.0/plugins/com.st.stm32cube.ide.mcu.externaltools.gnu-tools-for-stm32.13.3.rel1.linux64_1.0.100.202509120712/tools/bin/../lib/gcc/arm-none-eabi/13.3.1/../../../../arm-none-eabi/lib/thumb/v7e-m+fp/hard/libc_nano.a(libc_a-reallocr.o)
 .ARM.attributes
                0x00000bd6       0x34 /opt/st/stm32cubeide_2.0.0/plugins/com.st.stm32cube.ide.mcu.externaltools.gnu-tools-for-stm32.13.3.rel1.linux64_1.0.100.202509120712/tools/bin/../lib/gcc/arm-none-eabi/13.3.1/../../../../arm-none-eabi/lib/thumb/v7e-m+fp/hard/libc_nano.a(libc_a-msizer.o)
 .ARM.attributes
                0x00000c0a       0x22 /opt/st/stm32cubeide_2.0.0/plugins/com.st.stm32cube.ide.mcu.externaltools.gnu-tools-for-stm32.13.3.rel1.linux64_1.0.100.202509120712/tools/bin/../lib/gcc/arm-none-eabi/13.3.1/thumb/v7e-m+fp/hard/libgcc.a(_aeabi_uldivmod.o)
 .ARM.attributes
                0x00000c2c       0x34 /opt/st/stm32cubeide_2.0.0/plugins/com.st.stm32cube.ide.mcu.externaltools.gnu-tools-for-stm32.13.3.rel1.linux64_1.0.100.202509120712/tools/bin/../lib/gcc/arm-none-eabi/13.3.1/thumb/v7e-m+fp/hard/libgcc.a(_udivmoddi4.o)
 .ARM.attributes
                0x00000c60       0x22 /opt/st/stm32cubeide_2.0.0/plugins/com.st.stm32cube.ide.mcu.externaltools.gnu-tools-for-stm32.13.3.rel1.linux64_1.0.100.202509120712/tools/bin/../lib/gcc/arm-none-eabi/13.3.1/thumb/v7e-m+fp/hard/libgcc.a(_dvmd_tls.o)
 .ARM.attributes
                0x00000c82       0x22 /opt/st/stm32cubeide_2.0.0/plugins/com.st.stm32cube.ide.mcu.externaltools.gnu-tools-for-stm32.13.3.rel1.linux64_1.0.100.202509120712/tools/bin/../lib/gcc/arm-none-eabi/13.3.1/thumb/v7e-m+fp/hard/crtn.o
OUTPUT(Project02_Team5.elf elf32-littlearm)
LOAD linker stubs
LOAD /opt/st/stm32cubeide_2.0.0/plugins/com.st.stm32cube.ide.mcu.externaltools.gnu-tools-for-stm32.13.3.rel1.linux64_1.0.100.202509120712/tools/bin/../lib/gcc/arm-none-eabi/13.3.1/../../../../arm-none-eabi/lib/thumb/v7e-m+fp/hard/libc.a
LOAD /opt/st/stm32cubeide_2.0.0/plugins/com.st.stm32cube.ide.mcu.externaltools.gnu-tools-for-stm32.13.3.rel1.linux64_1.0.100.202509120712/tools/bin/../lib/gcc/arm-none-eabi/13.3.1/../../../../arm-none-eabi/lib/thumb/v7e-m+fp/hard/libm.a
LOAD /opt/st/stm32cubeide_2.0.0/plugins/com.st.stm32cube.ide.mcu.externaltools.gnu-tools-for-stm32.13.3.rel1.linux64_1.0.100.202509120712/tools/bin/../lib/gcc/arm-none-eabi/13.3.1/thumb/v7e-m+fp/hard/libgcc.a

.debug_info     0x00000000    0x118fa
 .debug_info    0x00000000      0x761 ./Core/Src/I2C_LCD.o
 .debug_info    0x00000761      0x653 ./Core/Src/delay.o
 .debug_info    0x00000db4      0xa98 ./Core/Src/dht11.o
 .debug_info    0x0000184c      0x535 ./Core/Src/elevator.o
 .debug_info    0x00001d81      0x5fc ./Core/Src/gpio.o
 .debug_info    0x0000237d      0x9a5 ./Core/Src/i2c.o
 .debug_info    0x00002d22      0x780 ./Core/Src/main.o
 .debug_info    0x000034a2      0x586 ./Core/Src/photo.o
 .debug_info    0x00003a28      0x291 ./Core/Src/stm32f4xx_hal_msp.o
 .debug_info    0x00003cb9      0x17a ./Core/Src/stm32f4xx_it.o
 .debug_info    0x00003e33      0x6a3 ./Core/Src/syscalls.o
 .debug_info    0x000044d6      0x168 ./Core/Src/sysmem.o
 .debug_info    0x0000463e      0x53e ./Core/Src/system_stm32f4xx.o
 .debug_info    0x00004b7c      0xc5d ./Core/Src/tim.o
 .debug_info    0x000057d9      0x94e ./Core/Src/usart.o
 .debug_info    0x00006127       0x30 ./Core/Startup/startup_stm32f411retx.o
 .debug_info    0x00006157      0x8c4 ./Drivers/STM32F4xx_HAL_Driver/Src/stm32f4xx_hal.o
 .debug_info    0x00006a1b      0xcfc ./Drivers/STM32F4xx_HAL_Driver/Src/stm32f4xx_hal_cortex.o
 .debug_info    0x00007717      0x6f9 ./Drivers/STM32F4xx_HAL_Driver/Src/stm32f4xx_hal_gpio.o
 .debug_info    0x00007e10     0x2426 ./Drivers/STM32F4xx_HAL_Driver/Src/stm32f4xx_hal_i2c.o
 .debug_info    0x0000a236      0x904 ./Drivers/STM32F4xx_HAL_Driver/Src/stm32f4xx_hal_rcc.o
 .debug_info    0x0000ab3a     0x2996 ./Drivers/STM32F4xx_HAL_Driver/Src/stm32f4xx_hal_tim.o
 .debug_info    0x0000d4d0     0x14d4 ./Drivers/STM32F4xx_HAL_Driver/Src/stm32f4xx_hal_tim_ex.o
 .debug_info    0x0000e9a4     0x2f56 ./Drivers/STM32F4xx_HAL_Driver/Src/stm32f4xx_hal_uart.o

.debug_abbrev   0x00000000     0x2d93
 .debug_abbrev  0x00000000      0x1e1 ./Core/Src/I2C_LCD.o
 .debug_abbrev  0x000001e1      0x171 ./Core/Src/delay.o
 .debug_abbrev  0x00000352      0x246 ./Core/Src/dht11.o
 .debug_abbrev  0x00000598      0x1ff ./Core/Src/elevator.o
 .debug_abbrev  0x00000797      0x173 ./Core/Src/gpio.o
 .debug_abbrev  0x0000090a      0x1f0 ./Core/Src/i2c.o
 .debug_abbrev  0x00000afa      0x21d ./Core/Src/main.o
 .debug_abbrev  0x00000d17      0x249 ./Core/Src/photo.o
 .debug_abbrev  0x00000f60       0xd8 ./Core/Src/stm32f4xx_hal_msp.o
 .debug_abbrev  0x00001038       0xa0 ./Core/Src/stm32f4xx_it.o
 .debug_abbrev  0x000010d8      0x1b6 ./Core/Src/syscalls.o
 .debug_abbrev  0x0000128e       0xbc ./Core/Src/sysmem.o
 .debug_abbrev  0x0000134a      0x11a ./Core/Src/system_stm32f4xx.o
 .debug_abbrev  0x00001464      0x22a ./Core/Src/tim.o
 .debug_abbrev  0x0000168e      0x1f8 ./Core/Src/usart.o
 .debug_abbrev  0x00001886       0x24 ./Core/Startup/startup_stm32f411retx.o
 .debug_abbrev  0x000018aa      0x24b ./Drivers/STM32F4xx_HAL_Driver/Src/stm32f4xx_hal.o
 .debug_abbrev  0x00001af5      0x31d ./Drivers/STM32F4xx_HAL_Driver/Src/stm32f4xx_hal_cortex.o
 .debug_abbrev  0x00001e12      0x1d3 ./Drivers/STM32F4xx_HAL_Driver/Src/stm32f4xx_hal_gpio.o
 .debug_abbrev  0x00001fe5      0x2bc ./Drivers/STM32F4xx_HAL_Driver/Src/stm32f4xx_hal_i2c.o
 .debug_abbrev  0x000022a1      0x2b6 ./Drivers/STM32F4xx_HAL_Driver/Src/stm32f4xx_hal_rcc.o
 .debug_abbrev  0x00002557      0x28b ./Drivers/STM32F4xx_HAL_Driver/Src/stm32f4xx_hal_tim.o
 .debug_abbrev  0x000027e2      0x296 ./Drivers/STM32F4xx_HAL_Driver/Src/stm32f4xx_hal_tim_ex.o
 .debug_abbrev  0x00002a78      0x31b ./Drivers/STM32F4xx_HAL_Driver/Src/stm32f4xx_hal_uart.o

.debug_aranges  0x00000000     0x10d8
 .debug_aranges
                0x00000000       0x40 ./Core/Src/I2C_LCD.o
 .debug_aranges
                0x00000040       0x20 ./Core/Src/delay.o
 .debug_aranges
                0x00000060       0x30 ./Core/Src/dht11.o
 .debug_aranges
                0x00000090       0x60 ./Core/Src/elevator.o
 .debug_aranges
                0x000000f0       0x20 ./Core/Src/gpio.o
 .debug_aranges
                0x00000110       0x30 ./Core/Src/i2c.o
 .debug_aranges
                0x00000140       0x38 ./Core/Src/main.o
 .debug_aranges
                0x00000178       0x50 ./Core/Src/photo.o
 .debug_aranges
                0x000001c8       0x20 ./Core/Src/stm32f4xx_hal_msp.o
 .debug_aranges
                0x000001e8       0x80 ./Core/Src/stm32f4xx_it.o
 .debug_aranges
                0x00000268       0xa8 ./Core/Src/syscalls.o
 .debug_aranges
                0x00000310       0x20 ./Core/Src/sysmem.o
 .debug_aranges
                0x00000330       0x28 ./Core/Src/system_stm32f4xx.o
 .debug_aranges
                0x00000358       0x40 ./Core/Src/tim.o
 .debug_aranges
                0x00000398       0x30 ./Core/Src/usart.o
 .debug_aranges
                0x000003c8       0x28 ./Core/Startup/startup_stm32f411retx.o
 .debug_aranges
                0x000003f0       0xf0 ./Drivers/STM32F4xx_HAL_Driver/Src/stm32f4xx_hal.o
 .debug_aranges
                0x000004e0      0x130 ./Drivers/STM32F4xx_HAL_Driver/Src/stm32f4xx_hal_cortex.o
 .debug_aranges
                0x00000610       0x58 ./Drivers/STM32F4xx_HAL_Driver/Src/stm32f4xx_hal_gpio.o
 .debug_aranges
                0x00000668      0x2a8 ./Drivers/STM32F4xx_HAL_Driver/Src/stm32f4xx_hal_i2c.o
 .debug_aranges
                0x00000910       0x88 ./Drivers/STM32F4xx_HAL_Driver/Src/stm32f4xx_hal_rcc.o
 .debug_aranges
                0x00000998      0x3d0 ./Drivers/STM32F4xx_HAL_Driver/Src/stm32f4xx_hal_tim.o
 .debug_aranges
                0x00000d68      0x168 ./Drivers/STM32F4xx_HAL_Driver/Src/stm32f4xx_hal_tim_ex.o
 .debug_aranges
                0x00000ed0      0x208 ./Drivers/STM32F4xx_HAL_Driver/Src/stm32f4xx_hal_uart.o

.debug_rnglists
                0x00000000      0xd1f
 .debug_rnglists
                0x00000000       0x2b ./Core/Src/I2C_LCD.o
 .debug_rnglists
                0x0000002b       0x13 ./Core/Src/delay.o
 .debug_rnglists
                0x0000003e       0x20 ./Core/Src/dht11.o
 .debug_rnglists
                0x0000005e       0x48 ./Core/Src/elevator.o
 .debug_rnglists
                0x000000a6       0x14 ./Core/Src/gpio.o
 .debug_rnglists
                0x000000ba       0x20 ./Core/Src/i2c.o
 .debug_rnglists
                0x000000da       0x26 ./Core/Src/main.o
 .debug_rnglists
                0x00000100       0x3a ./Core/Src/photo.o
 .debug_rnglists
                0x0000013a       0x13 ./Core/Src/stm32f4xx_hal_msp.o
 .debug_rnglists
                0x0000014d       0x5b ./Core/Src/stm32f4xx_it.o
 .debug_rnglists
                0x000001a8       0x79 ./Core/Src/syscalls.o
 .debug_rnglists
                0x00000221       0x13 ./Core/Src/sysmem.o
 .debug_rnglists
                0x00000234       0x1a ./Core/Src/system_stm32f4xx.o
 .debug_rnglists
                0x0000024e       0x2d ./Core/Src/tim.o
 .debug_rnglists
                0x0000027b       0x20 ./Core/Src/usart.o
 .debug_rnglists
                0x0000029b       0x19 ./Core/Startup/startup_stm32f411retx.o
 .debug_rnglists
                0x000002b4       0xaf ./Drivers/STM32F4xx_HAL_Driver/Src/stm32f4xx_hal.o
 .debug_rnglists
                0x00000363       0xe0 ./Drivers/STM32F4xx_HAL_Driver/Src/stm32f4xx_hal_cortex.o
 .debug_rnglists
                0x00000443       0x3f ./Drivers/STM32F4xx_HAL_Driver/Src/stm32f4xx_hal_gpio.o
 .debug_rnglists
                0x00000482      0x23c ./Drivers/STM32F4xx_HAL_Driver/Src/stm32f4xx_hal_i2c.o
 .debug_rnglists
                0x000006be       0x66 ./Drivers/STM32F4xx_HAL_Driver/Src/stm32f4xx_hal_rcc.o
 .debug_rnglists
                0x00000724      0x31a ./Drivers/STM32F4xx_HAL_Driver/Src/stm32f4xx_hal_tim.o
 .debug_rnglists
                0x00000a3e      0x125 ./Drivers/STM32F4xx_HAL_Driver/Src/stm32f4xx_hal_tim_ex.o
 .debug_rnglists
                0x00000b63      0x1bc ./Drivers/STM32F4xx_HAL_Driver/Src/stm32f4xx_hal_uart.o

.debug_macro    0x00000000    0x18bc4
 .debug_macro   0x00000000      0x1f6 ./Core/Src/I2C_LCD.o
 .debug_macro   0x000001f6      0xad8 ./Core/Src/I2C_LCD.o
 .debug_macro   0x00000cce      0x2a1 ./Core/Src/I2C_LCD.o
 .debug_macro   0x00000f6f       0x2e ./Core/Src/I2C_LCD.o
 .debug_macro   0x00000f9d       0x28 ./Core/Src/I2C_LCD.o
 .debug_macro   0x00000fc5       0x22 ./Core/Src/I2C_LCD.o
 .debug_macro   0x00000fe7       0x8e ./Core/Src/I2C_LCD.o
 .debug_macro   0x00001075       0x51 ./Core/Src/I2C_LCD.o
 .debug_macro   0x000010c6      0x103 ./Core/Src/I2C_LCD.o
 .debug_macro   0x000011c9       0x6a ./Core/Src/I2C_LCD.o
 .debug_macro   0x00001233      0x1df ./Core/Src/I2C_LCD.o
 .debug_macro   0x00001412       0x1c ./Core/Src/I2C_LCD.o
 .debug_macro   0x0000142e       0x22 ./Core/Src/I2C_LCD.o
 .debug_macro   0x00001450       0xfb ./Core/Src/I2C_LCD.o
 .debug_macro   0x0000154b     0x1011 ./Core/Src/I2C_LCD.o
 .debug_macro   0x0000255c      0x11f ./Core/Src/I2C_LCD.o
 .debug_macro   0x0000267b     0xb968 ./Core/Src/I2C_LCD.o
 .debug_macro   0x0000dfe3       0x6d ./Core/Src/I2C_LCD.o
 .debug_macro   0x0000e050     0x3693 ./Core/Src/I2C_LCD.o
 .debug_macro   0x000116e3      0x190 ./Core/Src/I2C_LCD.o
 .debug_macro   0x00011873       0x5c ./Core/Src/I2C_LCD.o
 .debug_macro   0x000118cf      0x45c ./Core/Src/I2C_LCD.o
 .debug_macro   0x00011d2b      0x9e9 ./Core/Src/I2C_LCD.o
 .debug_macro   0x00012714      0x115 ./Core/Src/I2C_LCD.o
 .debug_macro   0x00012829      0x11b ./Core/Src/I2C_LCD.o
 .debug_macro   0x00012944       0xa5 ./Core/Src/I2C_LCD.o
 .debug_macro   0x000129e9      0x15f ./Core/Src/I2C_LCD.o
 .debug_macro   0x00012b48      0x287 ./Core/Src/I2C_LCD.o
 .debug_macro   0x00012dcf       0x5f ./Core/Src/I2C_LCD.o
 .debug_macro   0x00012e2e      0x236 ./Core/Src/I2C_LCD.o
 .debug_macro   0x00013064      0x132 ./Core/Src/I2C_LCD.o
 .debug_macro   0x00013196      0x264 ./Core/Src/I2C_LCD.o
 .debug_macro   0x000133fa       0x2e ./Core/Src/I2C_LCD.o
 .debug_macro   0x00013428      0x1b5 ./Core/Src/I2C_LCD.o
 .debug_macro   0x000135dd       0x22 ./Core/Src/I2C_LCD.o
 .debug_macro   0x000135ff       0xd6 ./Core/Src/I2C_LCD.o
 .debug_macro   0x000136d5      0x127 ./Core/Src/I2C_LCD.o
 .debug_macro   0x000137fc       0x85 ./Core/Src/I2C_LCD.o
 .debug_macro   0x00013881       0x89 ./Core/Src/I2C_LCD.o
 .debug_macro   0x0001390a      0x8ed ./Core/Src/I2C_LCD.o
 .debug_macro   0x000141f7       0x47 ./Core/Src/I2C_LCD.o
 .debug_macro   0x0001423e      0x2aa ./Core/Src/I2C_LCD.o
 .debug_macro   0x000144e8      0x126 ./Core/Src/I2C_LCD.o
 .debug_macro   0x0001460e       0x22 ./Core/Src/I2C_LCD.o
 .debug_macro   0x00014630      0x205 ./Core/Src/delay.o
 .debug_macro   0x00014835      0x2f0 ./Core/Src/dht11.o
 .debug_macro   0x00014b25       0x22 ./Core/Src/dht11.o
 .debug_macro   0x00014b47       0x61 ./Core/Src/dht11.o
 .debug_macro   0x00014ba8       0x2a ./Core/Src/dht11.o
 .debug_macro   0x00014bd2       0x43 ./Core/Src/dht11.o
 .debug_macro   0x00014c15       0x34 ./Core/Src/dht11.o
 .debug_macro   0x00014c49       0x16 ./Core/Src/dht11.o
 .debug_macro   0x00014c5f       0x3c ./Core/Src/dht11.o
 .debug_macro   0x00014c9b      0x370 ./Core/Src/dht11.o
 .debug_macro   0x0001500b       0x10 ./Core/Src/dht11.o
 .debug_macro   0x0001501b       0x16 ./Core/Src/dht11.o
 .debug_macro   0x00015031       0x4a ./Core/Src/dht11.o
 .debug_macro   0x0001507b       0x34 ./Core/Src/dht11.o
 .debug_macro   0x000150af       0x10 ./Core/Src/dht11.o
 .debug_macro   0x000150bf       0x58 ./Core/Src/dht11.o
 .debug_macro   0x00015117       0x8e ./Core/Src/dht11.o
 .debug_macro   0x000151a5       0x1c ./Core/Src/dht11.o
 .debug_macro   0x000151c1      0x185 ./Core/Src/dht11.o
 .debug_macro   0x00015346       0x16 ./Core/Src/dht11.o
 .debug_macro   0x0001535c       0x16 ./Core/Src/dht11.o
 .debug_macro   0x00015372      0x146 ./Core/Src/dht11.o
 .debug_macro   0x000154b8      0x1fb ./Core/Src/elevator.o
 .debug_macro   0x000156b3      0x1fb ./Core/Src/gpio.o
 .debug_macro   0x000158ae      0x1fb ./Core/Src/i2c.o
 .debug_macro   0x00015aa9      0x37b ./Core/Src/main.o
 .debug_macro   0x00015e24       0x16 ./Core/Src/main.o
 .debug_macro   0x00015e3a       0x20 ./Core/Src/main.o
 .debug_macro   0x00015e5a       0x28 ./Core/Src/main.o
 .debug_macro   0x00015e82      0x337 ./Core/Src/photo.o
 .debug_macro   0x000161b9       0x10 ./Core/Src/photo.o
 .debug_macro   0x000161c9       0x1c ./Core/Src/photo.o
 .debug_macro   0x000161e5       0x1c ./Core/Src/photo.o
 .debug_macro   0x00016201      0x1f1 ./Core/Src/stm32f4xx_hal_msp.o
 .debug_macro   0x000163f2      0x1fb ./Core/Src/stm32f4xx_it.o
 .debug_macro   0x000165ed      0x274 ./Core/Src/syscalls.o
 .debug_macro   0x00016861       0x5b ./Core/Src/syscalls.o
 .debug_macro   0x000168bc       0x94 ./Core/Src/syscalls.o
 .debug_macro   0x00016950       0x57 ./Core/Src/syscalls.o
 .debug_macro   0x000169a7       0x10 ./Core/Src/syscalls.o
 .debug_macro   0x000169b7       0x10 ./Core/Src/syscalls.o
 .debug_macro   0x000169c7       0x10 ./Core/Src/syscalls.o
 .debug_macro   0x000169d7       0x10 ./Core/Src/syscalls.o
 .debug_macro   0x000169e7       0x1c ./Core/Src/syscalls.o
 .debug_macro   0x00016a03       0x52 ./Core/Src/syscalls.o
 .debug_macro   0x00016a55       0x22 ./Core/Src/syscalls.o
 .debug_macro   0x00016a77       0x10 ./Core/Src/syscalls.o
 .debug_macro   0x00016a87       0x52 ./Core/Src/syscalls.o
 .debug_macro   0x00016ad9       0xcf ./Core/Src/syscalls.o
 .debug_macro   0x00016ba8       0x1c ./Core/Src/syscalls.o
 .debug_macro   0x00016bc4       0x3d ./Core/Src/syscalls.o
 .debug_macro   0x00016c01       0x35 ./Core/Src/syscalls.o
 .debug_macro   0x00016c36      0x12c ./Core/Src/syscalls.o
 .debug_macro   0x00016d62       0x16 ./Core/Src/syscalls.o
 .debug_macro   0x00016d78       0x16 ./Core/Src/syscalls.o
 .debug_macro   0x00016d8e       0x29 ./Core/Src/syscalls.o
 .debug_macro   0x00016db7       0x10 ./Core/Src/syscalls.o
 .debug_macro   0x00016dc7      0x242 ./Core/Src/syscalls.o
 .debug_macro   0x00017009       0x10 ./Core/Src/syscalls.o
 .debug_macro   0x00017019      0x18a ./Core/Src/syscalls.o
 .debug_macro   0x000171a3       0x16 ./Core/Src/syscalls.o
 .debug_macro   0x000171b9       0xce ./Core/Src/syscalls.o
 .debug_macro   0x00017287      0x112 ./Core/Src/sysmem.o
 .debug_macro   0x00017399      0x23c ./Core/Src/sysmem.o
 .debug_macro   0x000175d5      0x1e7 ./Core/Src/system_stm32f4xx.o
 .debug_macro   0x000177bc      0x1fb ./Core/Src/tim.o
 .debug_macro   0x000179b7      0x1fb ./Core/Src/usart.o
 .debug_macro   0x00017bb2      0x247 ./Drivers/STM32F4xx_HAL_Driver/Src/stm32f4xx_hal.o
 .debug_macro   0x00017df9      0x1e7 ./Drivers/STM32F4xx_HAL_Driver/Src/stm32f4xx_hal_cortex.o
 .debug_macro   0x00017fe0      0x1ed ./Drivers/STM32F4xx_HAL_Driver/Src/stm32f4xx_hal_gpio.o
 .debug_macro   0x000181cd      0x235 ./Drivers/STM32F4xx_HAL_Driver/Src/stm32f4xx_hal_i2c.o
 .debug_macro   0x00018402      0x20b ./Drivers/STM32F4xx_HAL_Driver/Src/stm32f4xx_hal_rcc.o
 .debug_macro   0x0001860d      0x1e8 ./Drivers/STM32F4xx_HAL_Driver/Src/stm32f4xx_hal_tim.o
 .debug_macro   0x000187f5      0x1e7 ./Drivers/STM32F4xx_HAL_Driver/Src/stm32f4xx_hal_tim_ex.o
 .debug_macro   0x000189dc      0x1e8 ./Drivers/STM32F4xx_HAL_Driver/Src/stm32f4xx_hal_uart.o

.debug_line     0x00000000    0x15186
 .debug_line    0x00000000      0x76a ./Core/Src/I2C_LCD.o
 .debug_line    0x0000076a      0x6d6 ./Core/Src/delay.o
 .debug_line    0x00000e40      0xa6d ./Core/Src/dht11.o
 .debug_line    0x000018ad      0x95e ./Core/Src/elevator.o
 .debug_line    0x0000220b      0x71c ./Core/Src/gpio.o
 .debug_line    0x00002927      0x72e ./Core/Src/i2c.o
 .debug_line    0x00003055      0x93f ./Core/Src/main.o
 .debug_line    0x00003994      0xa06 ./Core/Src/photo.o
 .debug_line    0x0000439a      0x6c0 ./Core/Src/stm32f4xx_hal_msp.o